usbd_dfu.c:465:18:USBD_DFU_GetCfgDesc	0	static
usbd_dfu.c:478:17:USBD_DFU_DataIn	0	static
usbd_dfu.c:491:17:USBD_DFU_EP0_RxReady	0	static
usbd_dfu.c:637:18:USBD_DFU_GetDeviceQualifierDesc	0	static
usbd_dfu.c:502:17:USBD_DFU_EP0_TxReady	24	static,ignoring_inline_asm
usbd_dfu.c:333:17:USBD_DFU_DeInit	16	static
usbd_dfu.c:286:17:USBD_DFU_Init	8	static
usbd_dfu.c:652:17:USBD_DFU_GetUsrStringDesc	8	static
usbd_dfu.c:365:17:USBD_DFU_Setup	24	static
usbd_dfu.c:612:17:USBD_DFU_IsoOutIncomplete	0	static
usbd_dfu.c:624:17:USBD_DFU_DataOut	0	static
usbd_dfu.c:600:17:USBD_DFU_IsoINIncomplete	0	static
usbd_dfu.c:588:17:USBD_DFU_SOF	0	static
usbd_dfu.c:674:10:USBD_DFU_RegisterMedia	0	static
