../Drivers/STM32U5xx_HAL_Driver/Inc/stm32u5xx_ll_dlyb.h:93:22:LL_DLYB_Enable	16	static
../Drivers/STM32U5xx_HAL_Driver/Inc/stm32u5xx_ll_dlyb.h:103:22:LL_DLYB_Disable	16	static
../Drivers/STM32U5xx_HAL_Driver/Src/stm32u5xx_hal_xspi.c:353:19:HAL_XSPI_Init	32	static
../Drivers/STM32U5xx_HAL_Driver/Src/stm32u5xx_hal_xspi.c:518:13:HAL_XSPI_MspInit	16	static
../Drivers/STM32U5xx_HAL_Driver/Src/stm32u5xx_hal_xspi.c:533:19:HAL_XSPI_DeInit	24	static
../Drivers/STM32U5xx_HAL_Driver/Src/stm32u5xx_hal_xspi.c:576:13:HAL_XSPI_MspDeInit	16	static
../Drivers/STM32U5xx_HAL_Driver/Src/stm32u5xx_hal_xspi.c:616:6:HAL_XSPI_IRQHandler	32	static
../Drivers/STM32U5xx_HAL_Driver/Src/stm32u5xx_hal_xspi.c:856:19:HAL_XSPI_Command	48	static
../Drivers/STM32U5xx_HAL_Driver/Src/stm32u5xx_hal_xspi.c:1020:19:HAL_XSPI_Command_IT	32	static
../Drivers/STM32U5xx_HAL_Driver/Src/stm32u5xx_hal_xspi.c:1141:19:HAL_XSPI_HyperbusCfg	48	static
../Drivers/STM32U5xx_HAL_Driver/Src/stm32u5xx_hal_xspi.c:1192:19:HAL_XSPI_HyperbusCmd	40	static
../Drivers/STM32U5xx_HAL_Driver/Src/stm32u5xx_hal_xspi.c:1285:19:HAL_XSPI_Transmit	48	static
../Drivers/STM32U5xx_HAL_Driver/Src/stm32u5xx_hal_xspi.c:1357:19:HAL_XSPI_Receive	56	static
../Drivers/STM32U5xx_HAL_Driver/Src/stm32u5xx_hal_xspi.c:1447:19:HAL_XSPI_Transmit_IT	24	static
../Drivers/STM32U5xx_HAL_Driver/Src/stm32u5xx_hal_xspi.c:1496:19:HAL_XSPI_Receive_IT	32	static
../Drivers/STM32U5xx_HAL_Driver/Src/stm32u5xx_hal_xspi.c:1568:19:HAL_XSPI_Transmit_DMA	32	static
../Drivers/STM32U5xx_HAL_Driver/Src/stm32u5xx_hal_xspi.c:1751:19:HAL_XSPI_Receive_DMA	40	static
../Drivers/STM32U5xx_HAL_Driver/Src/stm32u5xx_hal_xspi.c:1951:19:HAL_XSPI_AutoPolling	48	static
../Drivers/STM32U5xx_HAL_Driver/Src/stm32u5xx_hal_xspi.c:2032:19:HAL_XSPI_AutoPolling_IT	40	static
../Drivers/STM32U5xx_HAL_Driver/Src/stm32u5xx_hal_xspi.c:2105:19:HAL_XSPI_MemoryMapped	32	static
../Drivers/STM32U5xx_HAL_Driver/Src/stm32u5xx_hal_xspi.c:2156:13:HAL_XSPI_ErrorCallback	16	static
../Drivers/STM32U5xx_HAL_Driver/Src/stm32u5xx_hal_xspi.c:2171:13:HAL_XSPI_AbortCpltCallback	16	static
../Drivers/STM32U5xx_HAL_Driver/Src/stm32u5xx_hal_xspi.c:2186:13:HAL_XSPI_FifoThresholdCallback	16	static
../Drivers/STM32U5xx_HAL_Driver/Src/stm32u5xx_hal_xspi.c:2201:13:HAL_XSPI_CmdCpltCallback	16	static
../Drivers/STM32U5xx_HAL_Driver/Src/stm32u5xx_hal_xspi.c:2216:13:HAL_XSPI_RxCpltCallback	16	static
../Drivers/STM32U5xx_HAL_Driver/Src/stm32u5xx_hal_xspi.c:2231:13:HAL_XSPI_TxCpltCallback	16	static
../Drivers/STM32U5xx_HAL_Driver/Src/stm32u5xx_hal_xspi.c:2246:13:HAL_XSPI_RxHalfCpltCallback	16	static
../Drivers/STM32U5xx_HAL_Driver/Src/stm32u5xx_hal_xspi.c:2261:13:HAL_XSPI_TxHalfCpltCallback	16	static
../Drivers/STM32U5xx_HAL_Driver/Src/stm32u5xx_hal_xspi.c:2276:13:HAL_XSPI_StatusMatchCallback	16	static
../Drivers/STM32U5xx_HAL_Driver/Src/stm32u5xx_hal_xspi.c:2291:13:HAL_XSPI_TimeOutCallback	16	static
../Drivers/STM32U5xx_HAL_Driver/Src/stm32u5xx_hal_xspi.c:2542:19:HAL_XSPI_Abort	32	static
../Drivers/STM32U5xx_HAL_Driver/Src/stm32u5xx_hal_xspi.c:2618:19:HAL_XSPI_Abort_IT	24	static
../Drivers/STM32U5xx_HAL_Driver/Src/stm32u5xx_hal_xspi.c:2710:19:HAL_XSPI_SetFifoThreshold	24	static
../Drivers/STM32U5xx_HAL_Driver/Src/stm32u5xx_hal_xspi.c:2753:10:HAL_XSPI_GetFifoThreshold	16	static
../Drivers/STM32U5xx_HAL_Driver/Src/stm32u5xx_hal_xspi.c:2763:19:HAL_XSPI_SetMemoryType	24	static
../Drivers/STM32U5xx_HAL_Driver/Src/stm32u5xx_hal_xspi.c:2792:19:HAL_XSPI_SetDeviceSize	24	static
../Drivers/STM32U5xx_HAL_Driver/Src/stm32u5xx_hal_xspi.c:2822:19:HAL_XSPI_SetClockPrescaler	24	static
../Drivers/STM32U5xx_HAL_Driver/Src/stm32u5xx_hal_xspi.c:2851:19:HAL_XSPI_SetTimeout	16	static
../Drivers/STM32U5xx_HAL_Driver/Src/stm32u5xx_hal_xspi.c:2862:10:HAL_XSPI_GetError	16	static
../Drivers/STM32U5xx_HAL_Driver/Src/stm32u5xx_hal_xspi.c:2872:10:HAL_XSPI_GetState	16	static
../Drivers/STM32U5xx_HAL_Driver/Src/stm32u5xx_hal_xspi.c:2905:19:HAL_XSPIM_Config	80	static
../Drivers/STM32U5xx_HAL_Driver/Src/stm32u5xx_hal_xspi.c:3168:19:HAL_XSPI_DLYB_SetConfig	24	static
../Drivers/STM32U5xx_HAL_Driver/Src/stm32u5xx_hal_xspi.c:3218:19:HAL_XSPI_DLYB_GetConfig	24	static
../Drivers/STM32U5xx_HAL_Driver/Src/stm32u5xx_hal_xspi.c:3248:19:HAL_XSPI_DLYB_GetClockPeriod	24	static
../Drivers/STM32U5xx_HAL_Driver/Src/stm32u5xx_hal_xspi.c:3329:19:HAL_XSPI_GetDelayValue	24	static
../Drivers/STM32U5xx_HAL_Driver/Src/stm32u5xx_hal_xspi.c:3381:19:HAL_XSPI_SetDelayValue	24	static
../Drivers/STM32U5xx_HAL_Driver/Src/stm32u5xx_hal_xspi.c:3443:13:XSPI_DMACplt	24	static
../Drivers/STM32U5xx_HAL_Driver/Src/stm32u5xx_hal_xspi.c:3460:13:XSPI_DMAHalfCplt	24	static
../Drivers/STM32U5xx_HAL_Driver/Src/stm32u5xx_hal_xspi.c:3488:13:XSPI_DMAError	24	static
../Drivers/STM32U5xx_HAL_Driver/Src/stm32u5xx_hal_xspi.c:3519:13:XSPI_DMAAbortCplt	24	static
../Drivers/STM32U5xx_HAL_Driver/Src/stm32u5xx_hal_xspi.c:3574:26:XSPI_WaitFlagStateUntilTimeout	24	static
../Drivers/STM32U5xx_HAL_Driver/Src/stm32u5xx_hal_xspi.c:3601:26:XSPI_ConfigCmd	40	static
../Drivers/STM32U5xx_HAL_Driver/Src/stm32u5xx_hal_xspi.c:3826:13:XSPIM_GetConfig	32	static
