../Drivers/STM32U5xx_HAL_Driver/Src/stm32u5xx_hal_gfxtim.c:169:19:HAL_GFXTIM_Init	24	static
../Drivers/STM32U5xx_HAL_Driver/Src/stm32u5xx_hal_gfxtim.c:237:19:HAL_GFXTIM_DeInit	24	static
../Drivers/STM32U5xx_HAL_Driver/Src/stm32u5xx_hal_gfxtim.c:273:13:HAL_GFXTIM_MspInit	16	static
../Drivers/STM32U5xx_HAL_Driver/Src/stm32u5xx_hal_gfxtim.c:287:13:HAL_GFXTIM_MspDeInit	16	static
../Drivers/STM32U5xx_HAL_Driver/Src/stm32u5xx_hal_gfxtim.c:582:19:HAL_GFXTIM_ClockGenerator_Config	24	static
../Drivers/STM32U5xx_HAL_Driver/Src/stm32u5xx_hal_gfxtim.c:649:19:HAL_GFXTIM_ClockGenerator_Reload	24	static
../Drivers/STM32U5xx_HAL_Driver/Src/stm32u5xx_hal_gfxtim.c:683:13:HAL_GFXTIM_TECallback	16	static
../Drivers/STM32U5xx_HAL_Driver/Src/stm32u5xx_hal_gfxtim.c:722:19:HAL_GFXTIM_AbsoluteTimer_Config	24	static
../Drivers/STM32U5xx_HAL_Driver/Src/stm32u5xx_hal_gfxtim.c:793:19:HAL_GFXTIM_AbsoluteTimer_Start	24	static
../Drivers/STM32U5xx_HAL_Driver/Src/stm32u5xx_hal_gfxtim.c:826:19:HAL_GFXTIM_AbsoluteTimer_Stop	24	static
../Drivers/STM32U5xx_HAL_Driver/Src/stm32u5xx_hal_gfxtim.c:859:19:HAL_GFXTIM_AbsoluteTimer_Reset	24	static
../Drivers/STM32U5xx_HAL_Driver/Src/stm32u5xx_hal_gfxtim.c:895:19:HAL_GFXTIM_AbsoluteTimer_GetCounter	32	static
../Drivers/STM32U5xx_HAL_Driver/Src/stm32u5xx_hal_gfxtim.c:941:19:HAL_GFXTIM_AbsoluteTimer_SetFrameCompare	24	static
../Drivers/STM32U5xx_HAL_Driver/Src/stm32u5xx_hal_gfxtim.c:978:19:HAL_GFXTIM_AbsoluteTimer_SetLineCompare	32	static
../Drivers/STM32U5xx_HAL_Driver/Src/stm32u5xx_hal_gfxtim.c:1020:13:HAL_GFXTIM_AbsoluteTimer_AFCOFCallback	16	static
../Drivers/STM32U5xx_HAL_Driver/Src/stm32u5xx_hal_gfxtim.c:1033:13:HAL_GFXTIM_AbsoluteTimer_AFCC1Callback	16	static
../Drivers/STM32U5xx_HAL_Driver/Src/stm32u5xx_hal_gfxtim.c:1046:13:HAL_GFXTIM_AbsoluteTimer_ALCC1Callback	16	static
../Drivers/STM32U5xx_HAL_Driver/Src/stm32u5xx_hal_gfxtim.c:1059:13:HAL_GFXTIM_AbsoluteTimer_ALCC2Callback	16	static
../Drivers/STM32U5xx_HAL_Driver/Src/stm32u5xx_hal_gfxtim.c:1072:13:HAL_GFXTIM_AbsoluteTimer_ALCOFCallback	16	static
../Drivers/STM32U5xx_HAL_Driver/Src/stm32u5xx_hal_gfxtim.c:1112:19:HAL_GFXTIM_RelativeTimer_Config	32	static
../Drivers/STM32U5xx_HAL_Driver/Src/stm32u5xx_hal_gfxtim.c:1178:19:HAL_GFXTIM_RelativeTimer_Start	24	static
../Drivers/STM32U5xx_HAL_Driver/Src/stm32u5xx_hal_gfxtim.c:1221:19:HAL_GFXTIM_RelativeTimer_Stop	24	static
../Drivers/STM32U5xx_HAL_Driver/Src/stm32u5xx_hal_gfxtim.c:1265:19:HAL_GFXTIM_RelativeTimer_ForceReload	24	static
../Drivers/STM32U5xx_HAL_Driver/Src/stm32u5xx_hal_gfxtim.c:1311:19:HAL_GFXTIM_RelativeTimer_SetReload	32	static
../Drivers/STM32U5xx_HAL_Driver/Src/stm32u5xx_hal_gfxtim.c:1357:19:HAL_GFXTIM_RelativeTimer_GetCounter	32	static
../Drivers/STM32U5xx_HAL_Driver/Src/stm32u5xx_hal_gfxtim.c:1402:13:HAL_GFXTIM_RelativeTimer_RFC1RCallback	16	static
../Drivers/STM32U5xx_HAL_Driver/Src/stm32u5xx_hal_gfxtim.c:1415:13:HAL_GFXTIM_RelativeTimer_RFC2RCallback	16	static
../Drivers/STM32U5xx_HAL_Driver/Src/stm32u5xx_hal_gfxtim.c:1451:19:HAL_GFXTIM_EventGenerator_Config	32	static
../Drivers/STM32U5xx_HAL_Driver/Src/stm32u5xx_hal_gfxtim.c:1498:19:HAL_GFXTIM_EventGenerator_Enable	24	static
../Drivers/STM32U5xx_HAL_Driver/Src/stm32u5xx_hal_gfxtim.c:1532:19:HAL_GFXTIM_EventGenerator_Disable	24	static
../Drivers/STM32U5xx_HAL_Driver/Src/stm32u5xx_hal_gfxtim.c:1566:13:HAL_GFXTIM_EventGenerator_EV1Callback	16	static
../Drivers/STM32U5xx_HAL_Driver/Src/stm32u5xx_hal_gfxtim.c:1579:13:HAL_GFXTIM_EventGenerator_EV2Callback	16	static
../Drivers/STM32U5xx_HAL_Driver/Src/stm32u5xx_hal_gfxtim.c:1592:13:HAL_GFXTIM_EventGenerator_EV3Callback	16	static
../Drivers/STM32U5xx_HAL_Driver/Src/stm32u5xx_hal_gfxtim.c:1605:13:HAL_GFXTIM_EventGenerator_EV4Callback	16	static
../Drivers/STM32U5xx_HAL_Driver/Src/stm32u5xx_hal_gfxtim.c:1639:19:HAL_GFXTIM_WatchdogTimer_Config	24	static
../Drivers/STM32U5xx_HAL_Driver/Src/stm32u5xx_hal_gfxtim.c:1696:19:HAL_GFXTIM_WatchdogTimer_Enable	24	static
../Drivers/STM32U5xx_HAL_Driver/Src/stm32u5xx_hal_gfxtim.c:1729:19:HAL_GFXTIM_WatchdogTimer_Disable	24	static
../Drivers/STM32U5xx_HAL_Driver/Src/stm32u5xx_hal_gfxtim.c:1762:19:HAL_GFXTIM_WatchdogTimer_Refresh	24	static
../Drivers/STM32U5xx_HAL_Driver/Src/stm32u5xx_hal_gfxtim.c:1795:13:HAL_GFXTIM_WatchdogTimer_AlarmCallback	16	static
../Drivers/STM32U5xx_HAL_Driver/Src/stm32u5xx_hal_gfxtim.c:1808:13:HAL_GFXTIM_WatchdogTimer_PreAlarmCallback	16	static
../Drivers/STM32U5xx_HAL_Driver/Src/stm32u5xx_hal_gfxtim.c:1841:6:HAL_GFXTIM_IRQHandler	32	static
../Drivers/STM32U5xx_HAL_Driver/Src/stm32u5xx_hal_gfxtim.c:1986:13:HAL_GFXTIM_ErrorCallback	16	static
../Drivers/STM32U5xx_HAL_Driver/Src/stm32u5xx_hal_gfxtim.c:2000:25:HAL_GFXTIM_GetState	16	static
../Drivers/STM32U5xx_HAL_Driver/Src/stm32u5xx_hal_gfxtim.c:2011:10:HAL_GFXTIM_GetError	16	static
