../Core/Src/ITG3205.c:17:6:Gyro_Writebyte	32	static
../Core/Src/ITG3205.c:23:9:Gyro_Readbyte	32	static
../Core/Src/ITG3205.c:34:6:Gyro_init	8	static
../Core/Src/ITG3205.c:51:10:Gyro_Read	40	static
../Core/Src/ITG3205.c:72:6:readGyroRaw	40	static
../Core/Src/ITG3205.c:87:6:setDevAddr	16	static
../Core/Src/ITG3205.c:93:6:setSampleRateDiv	4	static
../Core/Src/ITG3205.c:98:6:setFSRange	4	static
../Core/Src/ITG3205.c:103:6:setFilterBW	4	static
../Core/Src/ITG3205.c:108:6:setINTLogiclvl	4	static
../Core/Src/ITG3205.c:113:6:setINTDriveType	4	static
../Core/Src/ITG3205.c:118:6:setLatchMode	4	static
../Core/Src/ITG3205.c:123:6:setLatchClearMode	4	static
../Core/Src/ITG3205.c:128:6:setITGReady	4	static
../Core/Src/ITG3205.c:133:6:setRawDataReady	4	static
../Core/Src/ITG3205.c:138:6:isRawDataReady	32	static
../Core/Src/ITG3205.c:148:6:setScaleFactor	24	static
../Core/Src/ITG3205.c:162:6:setOffsets	16	static
../Core/Src/ITG3205.c:169:6:zeroCalibrate	48	static
