main.c:76:5:_write	24	static
main.c:101:5:main	40	static
main.c:180:6:SystemClock_Config	88	static
main.c:227:6:MountSD	8	static
main.c:237:6:UnMountSD	8	static
main.c:247:6:OpenFile	16	static
main.c:259:6:CloseFile	8	static
main.c:271:6:CheckSize	112	static
main.c:288:6:WriteFile	32	static
main.c:369:6:ReadFile	120	static
main.c:415:6:saveFile	216	static
main.c:513:6:SDtest	40	static
main.c:532:6:_Error_Handler	16	static
main.c:542:6:HAL_GPIO_EXTI_Callback	16	static
main.c:571:6:Error_Handler	4	static,ignoring_inline_asm
