../Core/Src/stm32h7xx_hal_msp.c:65:6:HAL_MspInit	16	static
../Core/Src/stm32h7xx_hal_msp.c:87:6:HAL_ADC_MspInit	56	static
../Core/Src/stm32h7xx_hal_msp.c:148:6:HAL_ADC_MspDeInit	16	static
../Core/Src/stm32h7xx_hal_msp.c:190:6:HAL_ETH_MspInit	64	static
../Core/Src/stm32h7xx_hal_msp.c:251:6:HAL_ETH_MspDeInit	16	static
../Core/Src/stm32h7xx_hal_msp.c:293:6:HAL_CEC_MspInit	248	static
../Core/Src/stm32h7xx_hal_msp.c:342:6:HAL_CEC_MspDeInit	16	static
../Core/Src/stm32h7xx_hal_msp.c:372:6:HAL_QSPI_MspInit	264	static
../Core/Src/stm32h7xx_hal_msp.c:473:6:HAL_QSPI_MspDeInit	16	static
../Core/Src/stm32h7xx_hal_msp.c:518:6:HAL_RTC_MspInit	216	static
../Core/Src/stm32h7xx_hal_msp.c:551:6:HAL_RTC_MspDeInit	16	static
../Core/Src/stm32h7xx_hal_msp.c:573:6:HAL_SD_MspInit	256	static
../Core/Src/stm32h7xx_hal_msp.c:633:6:HAL_SD_MspDeInit	16	static
../Core/Src/stm32h7xx_hal_msp.c:669:6:HAL_SPDIFRX_MspInit	248	static
../Core/Src/stm32h7xx_hal_msp.c:715:6:HAL_SPDIFRX_MspDeInit	16	static
../Core/Src/stm32h7xx_hal_msp.c:743:6:HAL_SPI_MspInit	264	static
../Core/Src/stm32h7xx_hal_msp.c:844:6:HAL_SPI_MspDeInit	16	static
../Core/Src/stm32h7xx_hal_msp.c:899:6:HAL_TIM_OC_MspInit	24	static
../Core/Src/stm32h7xx_hal_msp.c:921:6:HAL_TIM_Base_MspInit	48	static
../Core/Src/stm32h7xx_hal_msp.c:950:6:HAL_TIM_MspPostInit	40	static
../Core/Src/stm32h7xx_hal_msp.c:983:6:HAL_TIM_OC_MspDeInit	16	static
../Core/Src/stm32h7xx_hal_msp.c:1005:6:HAL_TIM_Base_MspDeInit	16	static
../Core/Src/stm32h7xx_hal_msp.c:1033:6:HAL_UART_MspInit	256	static
../Core/Src/stm32h7xx_hal_msp.c:1101:6:HAL_UART_MspDeInit	16	static
../Core/Src/stm32h7xx_hal_msp.c:1141:6:HAL_PCD_MspInit	272	static
../Core/Src/stm32h7xx_hal_msp.c:1235:6:HAL_PCD_MspDeInit	16	static
../Core/Src/stm32h7xx_hal_msp.c:1280:13:HAL_FMC_MspInit	240	static
../Core/Src/stm32h7xx_hal_msp.c:1418:6:HAL_SDRAM_MspInit	16	static
../Core/Src/stm32h7xx_hal_msp.c:1430:13:HAL_FMC_MspDeInit	8	static
../Core/Src/stm32h7xx_hal_msp.c:1526:6:HAL_SDRAM_MspDeInit	16	static
../Core/Src/stm32h7xx_hal_msp.c:1538:6:HAL_SAI_MspInit	248	static
../Core/Src/stm32h7xx_hal_msp.c:1616:6:HAL_SAI_MspDeInit	16	static
