../Drivers/BSP/Components/stts22h/stts22h_reg.c:48:16:stts22h_read_reg	40	static
../Drivers/BSP/Components/stts22h/stts22h_reg.c:69:16:stts22h_write_reg	40	static
../Drivers/BSP/Components/stts22h/stts22h_reg.c:92:9:stts22h_from_lsb_to_celsius	16	static
../Drivers/BSP/Components/stts22h/stts22h_reg.c:118:9:stts22h_temp_data_rate_set	32	static
../Drivers/BSP/Components/stts22h/stts22h_reg.c:199:9:stts22h_temp_data_rate_get	24	static
../Drivers/BSP/Components/stts22h/stts22h_reg.c:256:9:stts22h_block_data_update_set	24	static
../Drivers/BSP/Components/stts22h/stts22h_reg.c:280:9:stts22h_block_data_update_get	24	static
../Drivers/BSP/Components/stts22h/stts22h_reg.c:297:9:stts22h_temp_flag_data_ready_get	24	static
../Drivers/BSP/Components/stts22h/stts22h_reg.c:339:9:stts22h_temperature_raw_get	24	static
../Drivers/BSP/Components/stts22h/stts22h_reg.c:371:9:stts22h_dev_id_get	24	static
../Drivers/BSP/Components/stts22h/stts22h_reg.c:388:9:stts22h_dev_status_get	24	static
../Drivers/BSP/Components/stts22h/stts22h_reg.c:421:9:stts22h_smbus_interface_set	24	static
../Drivers/BSP/Components/stts22h/stts22h_reg.c:446:9:stts22h_smbus_interface_get	24	static
../Drivers/BSP/Components/stts22h/stts22h_reg.c:482:9:stts22h_auto_increment_set	24	static
../Drivers/BSP/Components/stts22h/stts22h_reg.c:507:9:stts22h_auto_increment_get	24	static
../Drivers/BSP/Components/stts22h/stts22h_reg.c:537:9:stts22h_temp_trshld_high_set	24	static
../Drivers/BSP/Components/stts22h/stts22h_reg.c:563:9:stts22h_temp_trshld_high_get	24	static
../Drivers/BSP/Components/stts22h/stts22h_reg.c:583:9:stts22h_temp_trshld_low_set	24	static
../Drivers/BSP/Components/stts22h/stts22h_reg.c:609:9:stts22h_temp_trshld_low_get	24	static
../Drivers/BSP/Components/stts22h/stts22h_reg.c:629:9:stts22h_temp_trshld_src_get	24	static
