../src/lib/STM32G4xx_HAL_Driver/Src/stm32g4xx_hal_usart.c:276:19:HAL_USART_Init	16	static
../src/lib/STM32G4xx_HAL_Driver/Src/stm32g4xx_hal_usart.c:338:19:HAL_USART_DeInit	16	static
../src/lib/STM32G4xx_HAL_Driver/Src/stm32g4xx_hal_usart.c:381:13:HAL_USART_MspInit	16	static
../src/lib/STM32G4xx_HAL_Driver/Src/stm32g4xx_hal_usart.c:396:13:HAL_USART_MspDeInit	16	static
../src/lib/STM32G4xx_HAL_Driver/Src/stm32g4xx_hal_usart.c:743:19:HAL_USART_Transmit	48	static
../src/lib/STM32G4xx_HAL_Driver/Src/stm32g4xx_hal_usart.c:841:19:HAL_USART_Receive	48	static
../src/lib/STM32G4xx_HAL_Driver/Src/stm32g4xx_hal_usart.c:953:19:HAL_USART_TransmitReceive	64	static
../src/lib/STM32G4xx_HAL_Driver/Src/stm32g4xx_hal_usart.c:1100:19:HAL_USART_Transmit_IT	24	static
../src/lib/STM32G4xx_HAL_Driver/Src/stm32g4xx_hal_usart.c:1183:19:HAL_USART_Receive_IT	32	static
../src/lib/STM32G4xx_HAL_Driver/Src/stm32g4xx_hal_usart.c:1297:19:HAL_USART_TransmitReceive_IT	24	static
../src/lib/STM32G4xx_HAL_Driver/Src/stm32g4xx_hal_usart.c:1405:19:HAL_USART_Transmit_DMA	32	static
../src/lib/STM32G4xx_HAL_Driver/Src/stm32g4xx_hal_usart.c:1490:19:HAL_USART_Receive_DMA	32	static
../src/lib/STM32G4xx_HAL_Driver/Src/stm32g4xx_hal_usart.c:1610:19:HAL_USART_TransmitReceive_DMA	32	static
../src/lib/STM32G4xx_HAL_Driver/Src/stm32g4xx_hal_usart.c:1730:19:HAL_USART_DMAPause	24	static
../src/lib/STM32G4xx_HAL_Driver/Src/stm32g4xx_hal_usart.c:1777:19:HAL_USART_DMAResume	24	static
../src/lib/STM32G4xx_HAL_Driver/Src/stm32g4xx_hal_usart.c:1824:19:HAL_USART_DMAStop	16	static
../src/lib/STM32G4xx_HAL_Driver/Src/stm32g4xx_hal_usart.c:1884:19:HAL_USART_Abort	16	static
../src/lib/STM32G4xx_HAL_Driver/Src/stm32g4xx_hal_usart.c:1982:19:HAL_USART_Abort_IT	24	static
../src/lib/STM32G4xx_HAL_Driver/Src/stm32g4xx_hal_usart.c:2114:6:HAL_USART_IRQHandler	40	static
../src/lib/STM32G4xx_HAL_Driver/Src/stm32g4xx_hal_usart.c:2354:13:HAL_USART_TxCpltCallback	16	static
../src/lib/STM32G4xx_HAL_Driver/Src/stm32g4xx_hal_usart.c:2369:13:HAL_USART_TxHalfCpltCallback	16	static
../src/lib/STM32G4xx_HAL_Driver/Src/stm32g4xx_hal_usart.c:2384:13:HAL_USART_RxCpltCallback	16	static
../src/lib/STM32G4xx_HAL_Driver/Src/stm32g4xx_hal_usart.c:2399:13:HAL_USART_RxHalfCpltCallback	16	static
../src/lib/STM32G4xx_HAL_Driver/Src/stm32g4xx_hal_usart.c:2414:13:HAL_USART_TxRxCpltCallback	16	static
../src/lib/STM32G4xx_HAL_Driver/Src/stm32g4xx_hal_usart.c:2429:13:HAL_USART_ErrorCallback	16	static
../src/lib/STM32G4xx_HAL_Driver/Src/stm32g4xx_hal_usart.c:2444:13:HAL_USART_AbortCpltCallback	16	static
../src/lib/STM32G4xx_HAL_Driver/Src/stm32g4xx_hal_usart.c:2481:24:HAL_USART_GetState	16	static
../src/lib/STM32G4xx_HAL_Driver/Src/stm32g4xx_hal_usart.c:2492:10:HAL_USART_GetError	16	static
../src/lib/STM32G4xx_HAL_Driver/Src/stm32g4xx_hal_usart.c:2535:13:USART_EndTransfer	16	static
../src/lib/STM32G4xx_HAL_Driver/Src/stm32g4xx_hal_usart.c:2551:13:USART_DMATransmitCplt	24	static
../src/lib/STM32G4xx_HAL_Driver/Src/stm32g4xx_hal_usart.c:2591:13:USART_DMATxHalfCplt	24	static
../src/lib/STM32G4xx_HAL_Driver/Src/stm32g4xx_hal_usart.c:2609:13:USART_DMAReceiveCplt	24	static
../src/lib/STM32G4xx_HAL_Driver/Src/stm32g4xx_hal_usart.c:2684:13:USART_DMARxHalfCplt	24	static
../src/lib/STM32G4xx_HAL_Driver/Src/stm32g4xx_hal_usart.c:2702:13:USART_DMAError	24	static
../src/lib/STM32G4xx_HAL_Driver/Src/stm32g4xx_hal_usart.c:2728:13:USART_DMAAbortOnError	24	static
../src/lib/STM32G4xx_HAL_Driver/Src/stm32g4xx_hal_usart.c:2751:13:USART_DMATxAbortCallback	24	static
../src/lib/STM32G4xx_HAL_Driver/Src/stm32g4xx_hal_usart.c:2799:13:USART_DMARxAbortCallback	24	static
../src/lib/STM32G4xx_HAL_Driver/Src/stm32g4xx_hal_usart.c:2848:26:USART_WaitOnFlagUntilTimeout	24	static
../src/lib/STM32G4xx_HAL_Driver/Src/stm32g4xx_hal_usart.c:2876:26:USART_SetConfig	40	static
../src/lib/STM32G4xx_HAL_Driver/Src/stm32g4xx_hal_usart.c:2980:26:USART_CheckIdleState	32	static
../src/lib/STM32G4xx_HAL_Driver/Src/stm32g4xx_hal_usart.c:3030:13:USART_TxISR_8BIT	24	static
../src/lib/STM32G4xx_HAL_Driver/Src/stm32g4xx_hal_usart.c:3065:13:USART_TxISR_16BIT	24	static
../src/lib/STM32G4xx_HAL_Driver/Src/stm32g4xx_hal_usart.c:3101:13:USART_TxISR_8BIT_FIFOEN	24	static
../src/lib/STM32G4xx_HAL_Driver/Src/stm32g4xx_hal_usart.c:3146:13:USART_TxISR_16BIT_FIFOEN	24	static
../src/lib/STM32G4xx_HAL_Driver/Src/stm32g4xx_hal_usart.c:3189:13:USART_EndTransmit_IT	16	static
../src/lib/STM32G4xx_HAL_Driver/Src/stm32g4xx_hal_usart.c:3246:13:USART_RxISR_8BIT	32	static
../src/lib/STM32G4xx_HAL_Driver/Src/stm32g4xx_hal_usart.c:3337:13:USART_RxISR_16BIT	32	static
../src/lib/STM32G4xx_HAL_Driver/Src/stm32g4xx_hal_usart.c:3430:13:USART_RxISR_8BIT_FIFOEN	32	static
../src/lib/STM32G4xx_HAL_Driver/Src/stm32g4xx_hal_usart.c:3563:13:USART_RxISR_16BIT_FIFOEN	40	static
