../src/lib/STM32G4xx_HAL_Driver/Src/stm32g4xx_hal_smartcard.c:318:19:HAL_SMARTCARD_Init	16	static
../src/lib/STM32G4xx_HAL_Driver/Src/stm32g4xx_hal_smartcard.c:391:19:HAL_SMARTCARD_DeInit	16	static
../src/lib/STM32G4xx_HAL_Driver/Src/stm32g4xx_hal_smartcard.c:441:13:HAL_SMARTCARD_MspInit	16	static
../src/lib/STM32G4xx_HAL_Driver/Src/stm32g4xx_hal_smartcard.c:457:13:HAL_SMARTCARD_MspDeInit	16	static
../src/lib/STM32G4xx_HAL_Driver/Src/stm32g4xx_hal_smartcard.c:807:19:HAL_SMARTCARD_Transmit	40	static
../src/lib/STM32G4xx_HAL_Driver/Src/stm32g4xx_hal_smartcard.c:913:19:HAL_SMARTCARD_Receive	40	static
../src/lib/STM32G4xx_HAL_Driver/Src/stm32g4xx_hal_smartcard.c:981:19:HAL_SMARTCARD_Transmit_IT	24	static
../src/lib/STM32G4xx_HAL_Driver/Src/stm32g4xx_hal_smartcard.c:1075:19:HAL_SMARTCARD_Receive_IT	24	static
../src/lib/STM32G4xx_HAL_Driver/Src/stm32g4xx_hal_smartcard.c:1139:19:HAL_SMARTCARD_Transmit_DMA	24	static
../src/lib/STM32G4xx_HAL_Driver/Src/stm32g4xx_hal_smartcard.c:1237:19:HAL_SMARTCARD_Receive_DMA	24	static
../src/lib/STM32G4xx_HAL_Driver/Src/stm32g4xx_hal_smartcard.c:1317:19:HAL_SMARTCARD_Abort	16	static
../src/lib/STM32G4xx_HAL_Driver/Src/stm32g4xx_hal_smartcard.c:1408:19:HAL_SMARTCARD_AbortTransmit	16	static
../src/lib/STM32G4xx_HAL_Driver/Src/stm32g4xx_hal_smartcard.c:1471:19:HAL_SMARTCARD_AbortReceive	16	static
../src/lib/STM32G4xx_HAL_Driver/Src/stm32g4xx_hal_smartcard.c:1539:19:HAL_SMARTCARD_Abort_IT	24	static
../src/lib/STM32G4xx_HAL_Driver/Src/stm32g4xx_hal_smartcard.c:1681:19:HAL_SMARTCARD_AbortTransmit_IT	16	static
../src/lib/STM32G4xx_HAL_Driver/Src/stm32g4xx_hal_smartcard.c:1776:19:HAL_SMARTCARD_AbortReceive_IT	16	static
../src/lib/STM32G4xx_HAL_Driver/Src/stm32g4xx_hal_smartcard.c:1870:6:HAL_SMARTCARD_IRQHandler	40	static
../src/lib/STM32G4xx_HAL_Driver/Src/stm32g4xx_hal_smartcard.c:2155:13:HAL_SMARTCARD_TxCpltCallback	16	static
../src/lib/STM32G4xx_HAL_Driver/Src/stm32g4xx_hal_smartcard.c:2171:13:HAL_SMARTCARD_RxCpltCallback	16	static
../src/lib/STM32G4xx_HAL_Driver/Src/stm32g4xx_hal_smartcard.c:2187:13:HAL_SMARTCARD_ErrorCallback	16	static
../src/lib/STM32G4xx_HAL_Driver/Src/stm32g4xx_hal_smartcard.c:2203:13:HAL_SMARTCARD_AbortCpltCallback	16	static
../src/lib/STM32G4xx_HAL_Driver/Src/stm32g4xx_hal_smartcard.c:2219:13:HAL_SMARTCARD_AbortTransmitCpltCallback	16	static
../src/lib/STM32G4xx_HAL_Driver/Src/stm32g4xx_hal_smartcard.c:2235:13:HAL_SMARTCARD_AbortReceiveCpltCallback	16	static
../src/lib/STM32G4xx_HAL_Driver/Src/stm32g4xx_hal_smartcard.c:2274:28:HAL_SMARTCARD_GetState	24	static
../src/lib/STM32G4xx_HAL_Driver/Src/stm32g4xx_hal_smartcard.c:2291:10:HAL_SMARTCARD_GetError	16	static
../src/lib/STM32G4xx_HAL_Driver/Src/stm32g4xx_hal_smartcard.c:2339:26:SMARTCARD_SetConfig	32	static
../src/lib/STM32G4xx_HAL_Driver/Src/stm32g4xx_hal_smartcard.c:2472:13:SMARTCARD_AdvFeatureConfig	16	static
../src/lib/STM32G4xx_HAL_Driver/Src/stm32g4xx_hal_smartcard.c:2534:26:SMARTCARD_CheckIdleState	32	static
../src/lib/STM32G4xx_HAL_Driver/Src/stm32g4xx_hal_smartcard.c:2588:26:SMARTCARD_WaitOnFlagUntilTimeout	24	static
../src/lib/STM32G4xx_HAL_Driver/Src/stm32g4xx_hal_smartcard.c:2623:13:SMARTCARD_EndTxTransfer	16	static
../src/lib/STM32G4xx_HAL_Driver/Src/stm32g4xx_hal_smartcard.c:2640:13:SMARTCARD_EndRxTransfer	16	static
../src/lib/STM32G4xx_HAL_Driver/Src/stm32g4xx_hal_smartcard.c:2657:13:SMARTCARD_DMATransmitCplt	24	static
../src/lib/STM32G4xx_HAL_Driver/Src/stm32g4xx_hal_smartcard.c:2676:13:SMARTCARD_DMAReceiveCplt	24	static
../src/lib/STM32G4xx_HAL_Driver/Src/stm32g4xx_hal_smartcard.c:2707:13:SMARTCARD_DMAError	24	static
../src/lib/STM32G4xx_HAL_Driver/Src/stm32g4xx_hal_smartcard.c:2747:13:SMARTCARD_DMAAbortOnError	24	static
../src/lib/STM32G4xx_HAL_Driver/Src/stm32g4xx_hal_smartcard.c:2770:13:SMARTCARD_DMATxAbortCallback	24	static
../src/lib/STM32G4xx_HAL_Driver/Src/stm32g4xx_hal_smartcard.c:2819:13:SMARTCARD_DMARxAbortCallback	24	static
../src/lib/STM32G4xx_HAL_Driver/Src/stm32g4xx_hal_smartcard.c:2868:13:SMARTCARD_DMATxOnlyAbortCallback	24	static
../src/lib/STM32G4xx_HAL_Driver/Src/stm32g4xx_hal_smartcard.c:2897:13:SMARTCARD_DMARxOnlyAbortCallback	24	static
../src/lib/STM32G4xx_HAL_Driver/Src/stm32g4xx_hal_smartcard.c:2929:13:SMARTCARD_TxISR	16	static
../src/lib/STM32G4xx_HAL_Driver/Src/stm32g4xx_hal_smartcard.c:2960:13:SMARTCARD_TxISR_FIFOEN	24	static
../src/lib/STM32G4xx_HAL_Driver/Src/stm32g4xx_hal_smartcard.c:2997:13:SMARTCARD_EndTransmit_IT	16	static
../src/lib/STM32G4xx_HAL_Driver/Src/stm32g4xx_hal_smartcard.c:3050:13:SMARTCARD_RxISR	16	static
../src/lib/STM32G4xx_HAL_Driver/Src/stm32g4xx_hal_smartcard.c:3103:13:SMARTCARD_RxISR_FIFOEN	24	static
