../src/lib/STM32G4xx_HAL_Driver/Src/stm32g4xx_hal_irda.c:328:19:HAL_IRDA_Init	16	static
../src/lib/STM32G4xx_HAL_Driver/Src/stm32g4xx_hal_irda.c:393:19:HAL_IRDA_DeInit	16	static
../src/lib/STM32G4xx_HAL_Driver/Src/stm32g4xx_hal_irda.c:436:13:HAL_IRDA_MspInit	16	static
../src/lib/STM32G4xx_HAL_Driver/Src/stm32g4xx_hal_irda.c:452:13:HAL_IRDA_MspDeInit	16	static
../src/lib/STM32G4xx_HAL_Driver/Src/stm32g4xx_hal_irda.c:797:19:HAL_IRDA_Transmit	48	static
../src/lib/STM32G4xx_HAL_Driver/Src/stm32g4xx_hal_irda.c:886:19:HAL_IRDA_Receive	48	static
../src/lib/STM32G4xx_HAL_Driver/Src/stm32g4xx_hal_irda.c:976:19:HAL_IRDA_Transmit_IT	24	static
../src/lib/STM32G4xx_HAL_Driver/Src/stm32g4xx_hal_irda.c:1021:19:HAL_IRDA_Receive_IT	24	static
../src/lib/STM32G4xx_HAL_Driver/Src/stm32g4xx_hal_irda.c:1081:19:HAL_IRDA_Transmit_DMA	24	static
../src/lib/STM32G4xx_HAL_Driver/Src/stm32g4xx_hal_irda.c:1161:19:HAL_IRDA_Receive_DMA	24	static
../src/lib/STM32G4xx_HAL_Driver/Src/stm32g4xx_hal_irda.c:1240:19:HAL_IRDA_DMAPause	16	static
../src/lib/STM32G4xx_HAL_Driver/Src/stm32g4xx_hal_irda.c:1278:19:HAL_IRDA_DMAResume	16	static
../src/lib/STM32G4xx_HAL_Driver/Src/stm32g4xx_hal_irda.c:1316:19:HAL_IRDA_DMAStop	16	static
../src/lib/STM32G4xx_HAL_Driver/Src/stm32g4xx_hal_irda.c:1393:19:HAL_IRDA_Abort	16	static
../src/lib/STM32G4xx_HAL_Driver/Src/stm32g4xx_hal_irda.c:1480:19:HAL_IRDA_AbortTransmit	16	static
../src/lib/STM32G4xx_HAL_Driver/Src/stm32g4xx_hal_irda.c:1532:19:HAL_IRDA_AbortReceive	16	static
../src/lib/STM32G4xx_HAL_Driver/Src/stm32g4xx_hal_irda.c:1590:19:HAL_IRDA_Abort_IT	24	static
../src/lib/STM32G4xx_HAL_Driver/Src/stm32g4xx_hal_irda.c:1723:19:HAL_IRDA_AbortTransmit_IT	16	static
../src/lib/STM32G4xx_HAL_Driver/Src/stm32g4xx_hal_irda.c:1801:19:HAL_IRDA_AbortReceive_IT	16	static
../src/lib/STM32G4xx_HAL_Driver/Src/stm32g4xx_hal_irda.c:1877:6:HAL_IRDA_IRQHandler	40	static
../src/lib/STM32G4xx_HAL_Driver/Src/stm32g4xx_hal_irda.c:2037:13:HAL_IRDA_TxCpltCallback	16	static
../src/lib/STM32G4xx_HAL_Driver/Src/stm32g4xx_hal_irda.c:2053:13:HAL_IRDA_TxHalfCpltCallback	16	static
../src/lib/STM32G4xx_HAL_Driver/Src/stm32g4xx_hal_irda.c:2069:13:HAL_IRDA_RxCpltCallback	16	static
../src/lib/STM32G4xx_HAL_Driver/Src/stm32g4xx_hal_irda.c:2085:13:HAL_IRDA_RxHalfCpltCallback	16	static
../src/lib/STM32G4xx_HAL_Driver/Src/stm32g4xx_hal_irda.c:2101:13:HAL_IRDA_ErrorCallback	16	static
../src/lib/STM32G4xx_HAL_Driver/Src/stm32g4xx_hal_irda.c:2117:13:HAL_IRDA_AbortCpltCallback	16	static
../src/lib/STM32G4xx_HAL_Driver/Src/stm32g4xx_hal_irda.c:2133:13:HAL_IRDA_AbortTransmitCpltCallback	16	static
../src/lib/STM32G4xx_HAL_Driver/Src/stm32g4xx_hal_irda.c:2149:13:HAL_IRDA_AbortReceiveCpltCallback	16	static
../src/lib/STM32G4xx_HAL_Driver/Src/stm32g4xx_hal_irda.c:2188:23:HAL_IRDA_GetState	24	static
../src/lib/STM32G4xx_HAL_Driver/Src/stm32g4xx_hal_irda.c:2205:10:HAL_IRDA_GetError	16	static
../src/lib/STM32G4xx_HAL_Driver/Src/stm32g4xx_hal_irda.c:2249:26:IRDA_SetConfig	32	static
../src/lib/STM32G4xx_HAL_Driver/Src/stm32g4xx_hal_irda.c:2333:26:IRDA_CheckIdleState	32	static
../src/lib/STM32G4xx_HAL_Driver/Src/stm32g4xx_hal_irda.c:2385:26:IRDA_WaitOnFlagUntilTimeout	24	static
../src/lib/STM32G4xx_HAL_Driver/Src/stm32g4xx_hal_irda.c:2420:13:IRDA_EndTxTransfer	16	static
../src/lib/STM32G4xx_HAL_Driver/Src/stm32g4xx_hal_irda.c:2435:13:IRDA_EndRxTransfer	16	static
../src/lib/STM32G4xx_HAL_Driver/Src/stm32g4xx_hal_irda.c:2452:13:IRDA_DMATransmitCplt	24	static
../src/lib/STM32G4xx_HAL_Driver/Src/stm32g4xx_hal_irda.c:2488:13:IRDA_DMATransmitHalfCplt	24	static
../src/lib/STM32G4xx_HAL_Driver/Src/stm32g4xx_hal_irda.c:2507:13:IRDA_DMAReceiveCplt	24	static
../src/lib/STM32G4xx_HAL_Driver/Src/stm32g4xx_hal_irda.c:2543:13:IRDA_DMAReceiveHalfCplt	24	static
../src/lib/STM32G4xx_HAL_Driver/Src/stm32g4xx_hal_irda.c:2562:13:IRDA_DMAError	24	static
../src/lib/STM32G4xx_HAL_Driver/Src/stm32g4xx_hal_irda.c:2602:13:IRDA_DMAAbortOnError	24	static
../src/lib/STM32G4xx_HAL_Driver/Src/stm32g4xx_hal_irda.c:2625:13:IRDA_DMATxAbortCallback	24	static
../src/lib/STM32G4xx_HAL_Driver/Src/stm32g4xx_hal_irda.c:2673:13:IRDA_DMARxAbortCallback	24	static
../src/lib/STM32G4xx_HAL_Driver/Src/stm32g4xx_hal_irda.c:2721:13:IRDA_DMATxOnlyAbortCallback	24	static
../src/lib/STM32G4xx_HAL_Driver/Src/stm32g4xx_hal_irda.c:2748:13:IRDA_DMARxOnlyAbortCallback	24	static
../src/lib/STM32G4xx_HAL_Driver/Src/stm32g4xx_hal_irda.c:2778:13:IRDA_Transmit_IT	24	static
../src/lib/STM32G4xx_HAL_Driver/Src/stm32g4xx_hal_irda.c:2817:13:IRDA_EndTransmit_IT	16	static
../src/lib/STM32G4xx_HAL_Driver/Src/stm32g4xx_hal_irda.c:2842:13:IRDA_Receive_IT	24	static
