../src/lib/STM32G4xx_HAL_Driver/Src/stm32g4xx_hal_smartcard_ex.c:104:6:HAL_SMARTCARDEx_BlockLength_Config	16	static
../src/lib/STM32G4xx_HAL_Driver/Src/stm32g4xx_hal_smartcard_ex.c:116:6:HAL_SMARTCARDEx_TimeOut_Config	16	static
../src/lib/STM32G4xx_HAL_Driver/Src/stm32g4xx_hal_smartcard_ex.c:127:19:HAL_SMARTCARDEx_EnableReceiverTimeOut	16	static
../src/lib/STM32G4xx_HAL_Driver/Src/stm32g4xx_hal_smartcard_ex.c:157:19:HAL_SMARTCARDEx_DisableReceiverTimeOut	16	static
../src/lib/STM32G4xx_HAL_Driver/Src/stm32g4xx_hal_smartcard_ex.c:210:13:HAL_SMARTCARDEx_RxFifoFullCallback	16	static
../src/lib/STM32G4xx_HAL_Driver/Src/stm32g4xx_hal_smartcard_ex.c:226:13:HAL_SMARTCARDEx_TxFifoEmptyCallback	16	static
../src/lib/STM32G4xx_HAL_Driver/Src/stm32g4xx_hal_smartcard_ex.c:263:19:HAL_SMARTCARDEx_EnableFifoMode	24	static
../src/lib/STM32G4xx_HAL_Driver/Src/stm32g4xx_hal_smartcard_ex.c:304:19:HAL_SMARTCARDEx_DisableFifoMode	24	static
../src/lib/STM32G4xx_HAL_Driver/Src/stm32g4xx_hal_smartcard_ex.c:350:19:HAL_SMARTCARDEx_SetTxFifoThreshold	24	static
../src/lib/STM32G4xx_HAL_Driver/Src/stm32g4xx_hal_smartcard_ex.c:399:19:HAL_SMARTCARDEx_SetRxFifoThreshold	24	static
../src/lib/STM32G4xx_HAL_Driver/Src/stm32g4xx_hal_smartcard_ex.c:454:13:SMARTCARDEx_SetNbDataToProcess	24	static
