../src/lib/STM32G4xx_HAL_Driver/Src/stm32g4xx_hal_fmac.c:378:19:HAL_FMAC_Init	24	static
../src/lib/STM32G4xx_HAL_Driver/Src/stm32g4xx_hal_fmac.c:451:19:HAL_FMAC_DeInit	16	static
../src/lib/STM32G4xx_HAL_Driver/Src/stm32g4xx_hal_fmac.c:498:13:HAL_FMAC_MspInit	16	static
../src/lib/STM32G4xx_HAL_Driver/Src/stm32g4xx_hal_fmac.c:513:13:HAL_FMAC_MspDeInit	16	static
../src/lib/STM32G4xx_HAL_Driver/Src/stm32g4xx_hal_fmac.c:796:19:HAL_FMAC_FilterConfig	16	static
../src/lib/STM32G4xx_HAL_Driver/Src/stm32g4xx_hal_fmac.c:812:19:HAL_FMAC_FilterConfig_DMA	16	static
../src/lib/STM32G4xx_HAL_Driver/Src/stm32g4xx_hal_fmac.c:836:19:HAL_FMAC_FilterPreload	32	static
../src/lib/STM32G4xx_HAL_Driver/Src/stm32g4xx_hal_fmac.c:861:19:HAL_FMAC_FilterPreload_DMA	32	static
../src/lib/STM32G4xx_HAL_Driver/Src/stm32g4xx_hal_fmac.c:879:19:HAL_FMAC_FilterStart	32	static
../src/lib/STM32G4xx_HAL_Driver/Src/stm32g4xx_hal_fmac.c:964:19:HAL_FMAC_AppendFilterData	32	static
../src/lib/STM32G4xx_HAL_Driver/Src/stm32g4xx_hal_fmac.c:1020:19:HAL_FMAC_ConfigFilterOutputBuffer	32	static
../src/lib/STM32G4xx_HAL_Driver/Src/stm32g4xx_hal_fmac.c:1081:19:HAL_FMAC_PollFilterData	32	static
../src/lib/STM32G4xx_HAL_Driver/Src/stm32g4xx_hal_fmac.c:1200:19:HAL_FMAC_FilterStop	24	static
../src/lib/STM32G4xx_HAL_Driver/Src/stm32g4xx_hal_fmac.c:1292:13:HAL_FMAC_ErrorCallback	16	static
../src/lib/STM32G4xx_HAL_Driver/Src/stm32g4xx_hal_fmac.c:1308:13:HAL_FMAC_HalfGetDataCallback	16	static
../src/lib/STM32G4xx_HAL_Driver/Src/stm32g4xx_hal_fmac.c:1324:13:HAL_FMAC_GetDataCallback	16	static
../src/lib/STM32G4xx_HAL_Driver/Src/stm32g4xx_hal_fmac.c:1340:13:HAL_FMAC_HalfOutputDataReadyCallback	16	static
../src/lib/STM32G4xx_HAL_Driver/Src/stm32g4xx_hal_fmac.c:1356:13:HAL_FMAC_OutputDataReadyCallback	16	static
../src/lib/STM32G4xx_HAL_Driver/Src/stm32g4xx_hal_fmac.c:1372:13:HAL_FMAC_FilterConfigCallback	16	static
../src/lib/STM32G4xx_HAL_Driver/Src/stm32g4xx_hal_fmac.c:1388:13:HAL_FMAC_FilterPreloadCallback	16	static
../src/lib/STM32G4xx_HAL_Driver/Src/stm32g4xx_hal_fmac.c:1421:6:HAL_FMAC_IRQHandler	24	static
../src/lib/STM32G4xx_HAL_Driver/Src/stm32g4xx_hal_fmac.c:1537:23:HAL_FMAC_GetState	16	static
../src/lib/STM32G4xx_HAL_Driver/Src/stm32g4xx_hal_fmac.c:1550:10:HAL_FMAC_GetError	16	static
../src/lib/STM32G4xx_HAL_Driver/Src/stm32g4xx_hal_fmac.c:1578:26:FMAC_Reset	24	static
../src/lib/STM32G4xx_HAL_Driver/Src/stm32g4xx_hal_fmac.c:1607:13:FMAC_ResetDataPointers	16	static
../src/lib/STM32G4xx_HAL_Driver/Src/stm32g4xx_hal_fmac.c:1618:13:FMAC_ResetInputStateAndDataPointers	16	static
../src/lib/STM32G4xx_HAL_Driver/Src/stm32g4xx_hal_fmac.c:1631:13:FMAC_ResetOutputStateAndDataPointers	16	static
../src/lib/STM32G4xx_HAL_Driver/Src/stm32g4xx_hal_fmac.c:1650:26:FMAC_FilterConfig	32	static
../src/lib/STM32G4xx_HAL_Driver/Src/stm32g4xx_hal_fmac.c:1863:26:FMAC_FilterPreload	32	static
../src/lib/STM32G4xx_HAL_Driver/Src/stm32g4xx_hal_fmac.c:2015:13:FMAC_WritePreloadDataIncrementPtr	32	static
../src/lib/STM32G4xx_HAL_Driver/Src/stm32g4xx_hal_fmac.c:2034:26:FMAC_WaitOnStartUntilTimeout	24	static
../src/lib/STM32G4xx_HAL_Driver/Src/stm32g4xx_hal_fmac.c:2058:26:FMAC_AppendFilterDataUpdateState	24	static
../src/lib/STM32G4xx_HAL_Driver/Src/stm32g4xx_hal_fmac.c:2102:26:FMAC_ConfigFilterOutputBufferUpdateState	24	static
../src/lib/STM32G4xx_HAL_Driver/Src/stm32g4xx_hal_fmac.c:2156:13:FMAC_ReadDataIncrementPtr	32	static
../src/lib/STM32G4xx_HAL_Driver/Src/stm32g4xx_hal_fmac.c:2220:13:FMAC_WriteDataIncrementPtr	24	static
../src/lib/STM32G4xx_HAL_Driver/Src/stm32g4xx_hal_fmac.c:2279:13:FMAC_DMAHalfGetData	24	static
../src/lib/STM32G4xx_HAL_Driver/Src/stm32g4xx_hal_fmac.c:2296:13:FMAC_DMAGetData	24	static
../src/lib/STM32G4xx_HAL_Driver/Src/stm32g4xx_hal_fmac.c:2316:13:FMAC_DMAHalfOutputDataReady	24	static
../src/lib/STM32G4xx_HAL_Driver/Src/stm32g4xx_hal_fmac.c:2333:13:FMAC_DMAOutputDataReady	24	static
../src/lib/STM32G4xx_HAL_Driver/Src/stm32g4xx_hal_fmac.c:2353:13:FMAC_DMAFilterConfig	24	static
../src/lib/STM32G4xx_HAL_Driver/Src/stm32g4xx_hal_fmac.c:2427:13:FMAC_DMAFilterPreload	24	static
../src/lib/STM32G4xx_HAL_Driver/Src/stm32g4xx_hal_fmac.c:2508:13:FMAC_DMAError	24	static
