../src/lib/STM32G4xx_HAL_Driver/Src/stm32g4xx_hal_smbus.c:289:19:HAL_SMBUS_Init	16	static
../src/lib/STM32G4xx_HAL_Driver/Src/stm32g4xx_hal_smbus.c:414:19:HAL_SMBUS_DeInit	16	static
../src/lib/STM32G4xx_HAL_Driver/Src/stm32g4xx_hal_smbus.c:459:13:HAL_SMBUS_MspInit	16	static
../src/lib/STM32G4xx_HAL_Driver/Src/stm32g4xx_hal_smbus.c:475:13:HAL_SMBUS_MspDeInit	16	static
../src/lib/STM32G4xx_HAL_Driver/Src/stm32g4xx_hal_smbus.c:494:19:HAL_SMBUS_ConfigAnalogFilter	16	static
../src/lib/STM32G4xx_HAL_Driver/Src/stm32g4xx_hal_smbus.c:538:19:HAL_SMBUS_ConfigDigitalFilter	24	static
../src/lib/STM32G4xx_HAL_Driver/Src/stm32g4xx_hal_smbus.c:925:19:HAL_SMBUS_Master_Transmit_IT	40	static
../src/lib/STM32G4xx_HAL_Driver/Src/stm32g4xx_hal_smbus.c:1063:19:HAL_SMBUS_Master_Receive_IT	40	static
../src/lib/STM32G4xx_HAL_Driver/Src/stm32g4xx_hal_smbus.c:1160:19:HAL_SMBUS_Master_Abort_IT	24	static
../src/lib/STM32G4xx_HAL_Driver/Src/stm32g4xx_hal_smbus.c:1225:19:HAL_SMBUS_Slave_Transmit_IT	32	static
../src/lib/STM32G4xx_HAL_Driver/Src/stm32g4xx_hal_smbus.c:1323:19:HAL_SMBUS_Slave_Receive_IT	32	static
../src/lib/STM32G4xx_HAL_Driver/Src/stm32g4xx_hal_smbus.c:1403:19:HAL_SMBUS_EnableListen_IT	16	static
../src/lib/STM32G4xx_HAL_Driver/Src/stm32g4xx_hal_smbus.c:1419:19:HAL_SMBUS_DisableListen_IT	16	static
../src/lib/STM32G4xx_HAL_Driver/Src/stm32g4xx_hal_smbus.c:1443:19:HAL_SMBUS_EnableAlert_IT	16	static
../src/lib/STM32G4xx_HAL_Driver/Src/stm32g4xx_hal_smbus.c:1462:19:HAL_SMBUS_DisableAlert_IT	16	static
../src/lib/STM32G4xx_HAL_Driver/Src/stm32g4xx_hal_smbus.c:1483:19:HAL_SMBUS_IsDeviceReady	40	static
../src/lib/STM32G4xx_HAL_Driver/Src/stm32g4xx_hal_smbus.c:1624:6:HAL_SMBUS_EV_IRQHandler	24	static
../src/lib/STM32G4xx_HAL_Driver/Src/stm32g4xx_hal_smbus.c:1702:6:HAL_SMBUS_ER_IRQHandler	16	static
../src/lib/STM32G4xx_HAL_Driver/Src/stm32g4xx_hal_smbus.c:1713:13:HAL_SMBUS_MasterTxCpltCallback	16	static
../src/lib/STM32G4xx_HAL_Driver/Src/stm32g4xx_hal_smbus.c:1729:13:HAL_SMBUS_MasterRxCpltCallback	16	static
../src/lib/STM32G4xx_HAL_Driver/Src/stm32g4xx_hal_smbus.c:1744:13:HAL_SMBUS_SlaveTxCpltCallback	16	static
../src/lib/STM32G4xx_HAL_Driver/Src/stm32g4xx_hal_smbus.c:1760:13:HAL_SMBUS_SlaveRxCpltCallback	16	static
../src/lib/STM32G4xx_HAL_Driver/Src/stm32g4xx_hal_smbus.c:1778:13:HAL_SMBUS_AddrCallback	16	static
../src/lib/STM32G4xx_HAL_Driver/Src/stm32g4xx_hal_smbus.c:1797:13:HAL_SMBUS_ListenCpltCallback	16	static
../src/lib/STM32G4xx_HAL_Driver/Src/stm32g4xx_hal_smbus.c:1813:13:HAL_SMBUS_ErrorCallback	16	static
../src/lib/STM32G4xx_HAL_Driver/Src/stm32g4xx_hal_smbus.c:1848:10:HAL_SMBUS_GetState	16	static
../src/lib/STM32G4xx_HAL_Driver/Src/stm32g4xx_hal_smbus.c:1860:10:HAL_SMBUS_GetError	16	static
../src/lib/STM32G4xx_HAL_Driver/Src/stm32g4xx_hal_smbus.c:1885:26:SMBUS_Master_ISR	32	static
../src/lib/STM32G4xx_HAL_Driver/Src/stm32g4xx_hal_smbus.c:2175:26:SMBUS_Slave_ISR	32	static
../src/lib/STM32G4xx_HAL_Driver/Src/stm32g4xx_hal_smbus.c:2443:13:SMBUS_Enable_IRQ	24	static
../src/lib/STM32G4xx_HAL_Driver/Src/stm32g4xx_hal_smbus.c:2483:13:SMBUS_Disable_IRQ	24	static
../src/lib/STM32G4xx_HAL_Driver/Src/stm32g4xx_hal_smbus.c:2555:13:SMBUS_ITErrorHandler	32	static
../src/lib/STM32G4xx_HAL_Driver/Src/stm32g4xx_hal_smbus.c:2668:26:SMBUS_WaitOnFlagUntilTimeout	32	static
../src/lib/STM32G4xx_HAL_Driver/Src/stm32g4xx_hal_smbus.c:2703:13:SMBUS_Flush_TXDR	16	static
../src/lib/STM32G4xx_HAL_Driver/Src/stm32g4xx_hal_smbus.c:2739:13:SMBUS_TransferConfig	24	static
../src/lib/STM32G4xx_HAL_Driver/Src/stm32g4xx_hal_smbus.c:2762:13:SMBUS_ConvertOtherXferOptions	16	static
