../Core/Src/LIDARLite_v3HP.cpp:54:6:void LIDARLite_v3HP::configure(uint8_t, uint8_t)	32	static
../Core/Src/LIDARLite_v3HP.cpp:132:6:void LIDARLite_v3HP::setI2Caddr(uint8_t, uint8_t, uint8_t)	32	static
../Core/Src/LIDARLite_v3HP.cpp:170:6:void LIDARLite_v3HP::takeRange(uint8_t)	32	static
../Core/Src/LIDARLite_v3HP.cpp:187:6:void LIDARLite_v3HP::waitForBusy(uint8_t)	24	static
../Core/Src/LIDARLite_v3HP.cpp:223:9:uint8_t LIDARLite_v3HP::getBusyFlag(uint8_t)	32	static
../Core/Src/LIDARLite_v3HP.cpp:252:10:uint16_t LIDARLite_v3HP::readDistance(uint8_t)	32	static
../Core/Src/LIDARLite_v3HP.cpp:290:6:void LIDARLite_v3HP::resetReferenceFilter(uint8_t)	32	static
../Core/Src/LIDARLite_v3HP.cpp:340:6:void LIDARLite_v3HP::write(uint8_t, uint8_t*, uint8_t, uint8_t)	48	static
../Core/Src/LIDARLite_v3HP.cpp:418:6:void LIDARLite_v3HP::read(uint8_t, uint8_t*, uint8_t, uint8_t)	48	static
../Core/Src/LIDARLite_v3HP.cpp:513:6:void LIDARLite_v3HP::correlationRecordToSerial(uint16_t, uint8_t)	32	static
../Core/Src/LIDARLite_v3HP.cpp:593:6:void LIDARLite_v3HP::peakStackRead(int16_t*, int16_t*, uint8_t)	56	static
../Core/Src/LIDARLite_v3HP.cpp:645:10:uint32_t LIDARLite_v3HP::DWT_Delay_Init()	16	static,ignoring_inline_asm
../Core/Src/LIDARLite_v3HP.cpp:676:6:void LIDARLite_v3HP::DWT_Delay_us(uint32_t)	24	static
