../Core/Src/main.c:65:5:_write	24	static
../Core/Src/main.c:84:5:main	32	static
../Core/Src/main.c:147:6:SystemClock_Config	88	static
../Core/Src/main.c:195:6:HAL_TIM_PeriodElapsedCallback	16	static
../Core/Src/main.c:206:6:HAL_TIM_OC_DelayElapsedCallback	16	static
../Core/Src/main.c:215:6:HAL_TIM_IC_CaptureCallback	16	static
../Core/Src/main.c:260:10:DWT_Delay_Init	4	static,ignoring_inline_asm
../Core/Src/main.c:291:6:DWT_Delay_us	24	static
../Core/Src/main.c:302:6:TriggerEnable	8	static
../Core/Src/main.c:318:6:Error_Handler	4	static,ignoring_inline_asm
