../Core/Src/main.c:66:5:_write	24	static
../Core/Src/main.c:85:5:main	32	static
../Core/Src/main.c:149:6:SystemClock_Config	88	static
../Core/Src/main.c:200:6:HAL_TIM_PeriodElapsedCallback	16	static
../Core/Src/main.c:211:6:HAL_TIM_OC_DelayElapsedCallback	16	static
../Core/Src/main.c:220:6:HAL_TIM_IC_CaptureCallback	16	static
../Core/Src/main.c:282:10:DWT_Delay_Init	4	static,ignoring_inline_asm
../Core/Src/main.c:313:6:DWT_Delay_us	24	static
../Core/Src/main.c:324:6:TriggerEnable	8	static
../Core/Src/main.c:340:6:Error_Handler	4	static,ignoring_inline_asm
