stm32f4xx_it.c:76:6:NMI_Handler	4	static
stm32f4xx_it.c:91:6:HardFault_Handler	4	static
stm32f4xx_it.c:106:6:MemManage_Handler	4	static
stm32f4xx_it.c:121:6:BusFault_Handler	4	static
stm32f4xx_it.c:136:6:UsageFault_Handler	4	static
stm32f4xx_it.c:151:6:SVC_Handler	4	static
stm32f4xx_it.c:164:6:DebugMon_Handler	4	static
stm32f4xx_it.c:177:6:PendSV_Handler	4	static
stm32f4xx_it.c:190:6:SysTick_Handler	8	static
stm32f4xx_it.c:211:6:CAN1_RX0_IRQHandler	8	static
stm32f4xx_it.c:225:6:TIM4_IRQHandler	8	static
stm32f4xx_it.c:239:6:USART3_IRQHandler	8	static
stm32f4xx_it.c:253:6:EXTI15_10_IRQHandler	8	static
stm32f4xx_it.c:267:6:SDIO_IRQHandler	8	static
stm32f4xx_it.c:281:6:TIM7_IRQHandler	8	static
stm32f4xx_it.c:295:6:DMA2_Stream0_IRQHandler	8	static
stm32f4xx_it.c:309:6:DMA2_Stream3_IRQHandler	8	static
stm32f4xx_it.c:323:6:DMA2_Stream6_IRQHandler	8	static
