../Core/Src/ADXL345.c:15:6:Accel_Writebyte	32	static
../Core/Src/ADXL345.c:21:9:Accel_Readbyte	32	static
../Core/Src/ADXL345.c:41:6:Accel_Init	16	static
../Core/Src/ADXL345.c:54:6:Read_Accel	40	static
../Core/Src/ADXL345.c:71:9:Get_ACCEL_RangeSetting	24	static
../Core/Src/ADXL345.c:78:6:Set_ACCEL_RangeSetting	24	static
../Core/Src/ADXL345.c:103:6:Get_ACCEL_SelfTestBit	24	static
../Core/Src/ADXL345.c:111:6:Set_ACCEL_SelfTestBit	24	static
../Core/Src/ADXL345.c:119:6:Get_ACCEL_SpitBit	16	static
../Core/Src/ADXL345.c:127:6:Set_ACCEL_SpiBit	16	static
../Core/Src/ADXL345.c:135:6:Get_ACCEL_InterruptLeveltBit	16	static
../Core/Src/ADXL345.c:143:6:Set_ACCEL_InterruptLeveltBit	16	static
../Core/Src/ADXL345.c:151:6:Get_ACCEL_FullResBit	16	static
../Core/Src/ADXL345.c:159:6:Set_ACCEL_FullResBit	16	static
../Core/Src/ADXL345.c:167:6:Get_ACCEL_JustifyBit	16	static
../Core/Src/ADXL345.c:175:6:Set_ACCEL_JustifyBit	16	static
../Core/Src/ADXL345.c:183:9:Get_ACCEL_TapThreadhold	24	static
../Core/Src/ADXL345.c:190:6:Set_ACCEL_TapThreadhold	16	static
../Core/Src/ADXL345.c:195:9:Get_ACCEL_AxisGain	16	static
../Core/Src/ADXL345.c:204:6:Set_ACCEL_AxisGain	16	static
../Core/Src/ADXL345.c:212:9:Get_ACCEL_AxisOffset	16	static
../Core/Src/ADXL345.c:225:6:Set_ACCEL_AxisOffset	16	static
../Core/Src/ADXL345.c:237:9:Get_ACCEL_TapDuration	24	static
../Core/Src/ADXL345.c:244:6:Set_ACCEL_TapDuration	16	static
../Core/Src/ADXL345.c:250:9:Get_ACCEL_DoubleTapLatency	24	static
../Core/Src/ADXL345.c:259:6:Set_ACCEL_DoubleTapLatency	16	static
../Core/Src/ADXL345.c:264:9:Get_ACCEL_DoubleTapWindow	24	static
../Core/Src/ADXL345.c:271:6:Set_ACCEL_DoubleTapWindow	16	static
../Core/Src/ADXL345.c:277:9:Get_ACCEL_ActivityThreshold	24	static
../Core/Src/ADXL345.c:284:6:Set_ACCEL_ActivityThreshold	16	static
../Core/Src/ADXL345.c:290:9:Get_ACCEL_InactivityThreshold	24	static
../Core/Src/ADXL345.c:297:6:Set_ACCEL_InactivityThreshold	16	static
../Core/Src/ADXL345.c:303:9:Get_ACCEL_TimeInactivity	24	static
../Core/Src/ADXL345.c:310:6:Set_ACCEL_TimeInactivity	16	static
../Core/Src/ADXL345.c:315:9:Get_ACCEL_FreeFallThreshold	24	static
../Core/Src/ADXL345.c:322:6:Set_ACCEL_FreeFallThreshold	16	static
../Core/Src/ADXL345.c:327:9:Get_ACCEL_FreeFallDuration	24	static
../Core/Src/ADXL345.c:334:6:Set_ACCEL_FreeFallDuration	16	static
../Core/Src/ADXL345.c:341:6:is_ACCEL_ActivityXEnabled	16	static
../Core/Src/ADXL345.c:346:6:is_ACCEL_ActivityYEnabled	16	static
../Core/Src/ADXL345.c:351:6:is_ACCEL_ActivityZEnabled	16	static
../Core/Src/ADXL345.c:356:6:is_ACCEL_InactivityXEnabled	16	static
../Core/Src/ADXL345.c:361:6:is_ACCEL_InactivityYEnabled	16	static
../Core/Src/ADXL345.c:366:6:is_ACCEL_InactivityZEnabled	16	static
../Core/Src/ADXL345.c:373:6:Set_ACCEL_ActivityX	16	static
../Core/Src/ADXL345.c:378:6:Set_ACCEL_ActivityY	16	static
../Core/Src/ADXL345.c:383:6:Set_ACCEL_ActivityZ	16	static
../Core/Src/ADXL345.c:388:6:Set_ACCEL_InactivityX	16	static
../Core/Src/ADXL345.c:393:6:Set_ACCEL_InactivityY	16	static
../Core/Src/ADXL345.c:398:6:Set_ACCEL_InactivityZ	16	static
../Core/Src/ADXL345.c:405:6:is_ACCEL_ActivityAc	16	static
../Core/Src/ADXL345.c:410:6:is_ACCEL_InactivityAc	16	static
../Core/Src/ADXL345.c:416:6:Set_ACCEL_ActivityAc	16	static
../Core/Src/ADXL345.c:421:6:Set_ACCEL_InactivityAc	16	static
../Core/Src/ADXL345.c:427:6:Get_ACCEL_SuppressBit	16	static
../Core/Src/ADXL345.c:432:6:Set_ACCEL_SuppressBit	16	static
../Core/Src/ADXL345.c:437:6:is_ACCEL_TapDetectionOnX	16	static
../Core/Src/ADXL345.c:442:6:Set_ACCEL_TapDetectionOnX	16	static
../Core/Src/ADXL345.c:447:6:is_ACCEL_TapDetectionOnY	16	static
../Core/Src/ADXL345.c:452:6:Set_ACCEL_TapDetectionOnY	16	static
../Core/Src/ADXL345.c:457:6:is_ACCEL_TapDetectionOnZ	16	static
../Core/Src/ADXL345.c:462:6:Set_ACCEL_TapDetectionOnZ	16	static
../Core/Src/ADXL345.c:467:6:is_ACCEL_ActivitySourceOnX	16	static
../Core/Src/ADXL345.c:472:6:is_ACCEL_ActivitySourceOnY	16	static
../Core/Src/ADXL345.c:477:6:is_ACCEL_ActivitySourceOnZ	16	static
../Core/Src/ADXL345.c:482:6:is_ACCEL_TapSourceOnX	16	static
../Core/Src/ADXL345.c:487:6:is_ACCEL_TapSourceOnY	16	static
../Core/Src/ADXL345.c:492:6:is_ACCEL_TapSourceOnZ	16	static
../Core/Src/ADXL345.c:497:6:is_ACCEL_Asleep	16	static
../Core/Src/ADXL345.c:502:6:is_ACCEL_LowPower	16	static
../Core/Src/ADXL345.c:507:6:Set_ACCEL_LowPower	16	static
../Core/Src/ADXL345.c:513:8:Get_ACCEL_Rate	24	static
../Core/Src/ADXL345.c:524:6:Set_ACCEL_Rate	32	static
../Core/Src/ADXL345.c:543:9:Get_ACCEL_bw_code	24	static
../Core/Src/ADXL345.c:550:6:Set_ACCEL_bw_code	16	static
../Core/Src/ADXL345.c:565:6:ACCEL_triggered	16	static
../Core/Src/ADXL345.c:570:9:Get_ACCEL_InterruptSource	24	static
../Core/Src/ADXL345.c:577:6:Get_ACCEL_InterruptMapping	16	static
../Core/Src/ADXL345.c:582:6:Set_ACCEL_InterruptMapping	16	static
../Core/Src/ADXL345.c:587:6:is_ACCEL_InterruptEnabled	16	static
../Core/Src/ADXL345.c:592:6:Set_ACCEL_Interrupt	16	static
../Core/Src/ADXL345.c:598:6:Get_ACCEL_RegisterBit	24	static
../Core/Src/ADXL345.c:605:6:Set_ACCEL_RegisterBit	24	static
../Core/Src/ADXL345.c:620:6:printAllRegister	24	static
../Core/Src/ADXL345.c:633:6:print_byte	24	static
