../Core/Src/ITG3205.c:14:6:Gyro_Writebyte	32	static
../Core/Src/ITG3205.c:19:9:Gyro_Readbyte	32	static
../Core/Src/ITG3205.c:28:6:Gyro_Init	16	static
../Core/Src/ITG3205.c:53:6:Read_Gyro	56	static
../Core/Src/ITG3205.c:74:6:Calibrate_Gyro	32	static
../Core/Src/ITG3205.c:103:6:Read_Gyro_Temperature	40	static
../Core/Src/ITG3205.c:120:6:Set_Gyro_ScaledFactor	32	static
../Core/Src/ITG3205.c:135:6:Set_Gyro_Offsets	24	static
../Core/Src/ITG3205.c:143:9:Get_Gyro_SampleRateDiv	16	static
../Core/Src/ITG3205.c:148:6:Set_Gyro_SampleRateDiv	16	static
../Core/Src/ITG3205.c:153:9:Get_Gyro_FSRange	24	static
../Core/Src/ITG3205.c:160:6:Set_Gyro_FSRange	24	static
../Core/Src/ITG3205.c:167:9:Get_Gyro_FilterBW	24	static
../Core/Src/ITG3205.c:174:6:Set_Gyro_FilterBW	24	static
../Core/Src/ITG3205.c:181:6:is_Gyro_INTActiveOnLow	24	static
../Core/Src/ITG3205.c:188:6:Set_Gyro_INTDriveType	24	static
../Core/Src/ITG3205.c:195:6:is_Gyro_LatchUntilCleard	24	static
../Core/Src/ITG3205.c:202:6:Set_Gyro_LatchMode	24	static
../Core/Src/ITG3205.c:209:6:is_Gyro_AnyRegClrMode	24	static
../Core/Src/ITG3205.c:216:6:Set_Gyro_LatchClearMode	24	static
../Core/Src/ITG3205.c:223:6:is_Gyro_RawDataReadyOn	24	static
../Core/Src/ITG3205.c:230:6:Set_Gyro_RawDataReady	24	static
../Core/Src/ITG3205.c:237:6:is_Gyro_ITGReady	24	static
../Core/Src/ITG3205.c:244:6:is_Gyro_RawDataReady	24	static
../Core/Src/ITG3205.c:254:6:Reset_Gyro	16	static
../Core/Src/ITG3205.c:260:6:is_Gyro_LowPower	24	static
../Core/Src/ITG3205.c:267:6:Set_Gyro_PowerMode	24	static
../Core/Src/ITG3205.c:274:6:is_XgyroStandby	24	static
../Core/Src/ITG3205.c:282:6:is_YgyroStandby	24	static
../Core/Src/ITG3205.c:289:6:is_ZgyroStandby	24	static
../Core/Src/ITG3205.c:297:6:Set_XgyroStandby	24	static
../Core/Src/ITG3205.c:304:6:Set_YgyroStandby	24	static
../Core/Src/ITG3205.c:311:6:Set_ZgyroStandby	24	static
../Core/Src/ITG3205.c:319:10:Get_ClockSource	24	static
../Core/Src/ITG3205.c:326:6:Set_Gyro_ClockSource	24	static
