../Core/Src/ITG3205.c:14:6:Gyro_Writebyte	32	static
../Core/Src/ITG3205.c:19:9:Gyro_Readbyte	32	static
../Core/Src/ITG3205.c:28:6:Gyro_Init	16	static
../Core/Src/ITG3205.c:53:6:Read_Gyro	56	static
../Core/Src/ITG3205.c:74:6:Calibrate_Gyro	32	static
../Core/Src/ITG3205.c:103:6:Read_Gyro_Temperature	48	static
../Core/Src/ITG3205.c:121:6:Set_Gyro_ScaledFactor	32	static
../Core/Src/ITG3205.c:136:6:Set_Gyro_Offsets	24	static
../Core/Src/ITG3205.c:144:9:Get_Gyro_SampleRateDiv	16	static
../Core/Src/ITG3205.c:149:6:Set_Gyro_SampleRateDiv	16	static
../Core/Src/ITG3205.c:154:9:Get_Gyro_FSRange	24	static
../Core/Src/ITG3205.c:161:6:Set_Gyro_FSRange	24	static
../Core/Src/ITG3205.c:168:9:Get_Gyro_FilterBW	24	static
../Core/Src/ITG3205.c:175:6:Set_Gyro_FilterBW	24	static
../Core/Src/ITG3205.c:182:6:is_Gyro_INTActiveOnLow	24	static
../Core/Src/ITG3205.c:189:6:Set_Gyro_INTDriveType	24	static
../Core/Src/ITG3205.c:196:6:is_Gyro_LatchUntilCleard	24	static
../Core/Src/ITG3205.c:203:6:Set_Gyro_LatchMode	24	static
../Core/Src/ITG3205.c:210:6:is_Gyro_AnyRegClrMode	24	static
../Core/Src/ITG3205.c:217:6:Set_Gyro_LatchClearMode	24	static
../Core/Src/ITG3205.c:224:6:is_Gyro_RawDataReadyOn	24	static
../Core/Src/ITG3205.c:231:6:Set_Gyro_RawDataReady	24	static
../Core/Src/ITG3205.c:238:6:is_Gyro_ITGReady	24	static
../Core/Src/ITG3205.c:245:6:is_Gyro_RawDataReady	24	static
../Core/Src/ITG3205.c:255:6:Reset_Gyro	16	static
../Core/Src/ITG3205.c:261:6:is_Gyro_LowPower	24	static
../Core/Src/ITG3205.c:268:6:Set_Gyro_PowerMode	24	static
../Core/Src/ITG3205.c:275:6:is_XgyroStandby	24	static
../Core/Src/ITG3205.c:283:6:is_YgyroStandby	24	static
../Core/Src/ITG3205.c:290:6:is_ZgyroStandby	24	static
../Core/Src/ITG3205.c:298:6:Set_XgyroStandby	24	static
../Core/Src/ITG3205.c:305:6:Set_YgyroStandby	24	static
../Core/Src/ITG3205.c:312:6:Set_ZgyroStandby	24	static
../Core/Src/ITG3205.c:320:10:Get_ClockSource	24	static
../Core/Src/ITG3205.c:327:6:Set_Gyro_ClockSource	24	static
