../Drivers/BSP/STM32U5x9J-DK/stm32u5x9j_discovery.c:141:9:BSP_GetVersion	4	static
../Drivers/BSP/STM32U5x9J-DK/stm32u5x9j_discovery.c:150:16:BSP_GetBoardName	4	static
../Drivers/BSP/STM32U5x9J-DK/stm32u5x9j_discovery.c:159:16:BSP_GetBoardID	4	static
../Drivers/BSP/STM32U5x9J-DK/stm32u5x9j_discovery.c:172:9:BSP_LED_Init	48	static
../Drivers/BSP/STM32U5x9J-DK/stm32u5x9j_discovery.c:200:9:BSP_LED_DeInit	40	static
../Drivers/BSP/STM32U5x9J-DK/stm32u5x9j_discovery.c:221:9:BSP_LED_On	24	static
../Drivers/BSP/STM32U5x9J-DK/stm32u5x9j_discovery.c:239:9:BSP_LED_Off	24	static
../Drivers/BSP/STM32U5x9J-DK/stm32u5x9j_discovery.c:257:9:BSP_LED_Toggle	24	static
../Drivers/BSP/STM32U5x9J-DK/stm32u5x9j_discovery.c:275:9:BSP_LED_GetState	24	static
../Drivers/BSP/STM32U5x9J-DK/stm32u5x9j_discovery.c:309:9:BSP_PB_Init	48	static
../Drivers/BSP/STM32U5x9J-DK/stm32u5x9j_discovery.c:372:9:BSP_PB_DeInit	40	static
../Drivers/BSP/STM32U5x9J-DK/stm32u5x9j_discovery.c:398:9:BSP_PB_GetState	16	static
../Drivers/BSP/STM32U5x9J-DK/stm32u5x9j_discovery.c:408:6:BSP_PB_IRQHandler	16	static
../Drivers/BSP/STM32U5x9J-DK/stm32u5x9j_discovery.c:418:13:BSP_PB_Callback	16	static
../Drivers/BSP/STM32U5x9J-DK/stm32u5x9j_discovery.c:435:9:BSP_COM_Init	24	static
../Drivers/BSP/STM32U5x9J-DK/stm32u5x9j_discovery.c:476:9:BSP_COM_DeInit	24	static
../Drivers/BSP/STM32U5x9J-DK/stm32u5x9j_discovery.c:509:26:MX_USART1_Init	16	static
../Drivers/BSP/STM32U5x9J-DK/stm32u5x9j_discovery.c:647:13:BUTTON_USER_EXTI_Callback	8	static
../Drivers/BSP/STM32U5x9J-DK/stm32u5x9j_discovery.c:658:13:COM_MspInit	48	static
../Drivers/BSP/STM32U5x9J-DK/stm32u5x9j_discovery.c:692:13:COM_MspDeInit	40	static
