../Drivers/BSP/STM32U5x9J-DK/stm32u5x9j_discovery_mmc.c:88:9:BSP_MMC_Init	16	static
../Drivers/BSP/STM32U5x9J-DK/stm32u5x9j_discovery_mmc.c:124:9:BSP_MMC_DeInit	16	static
../Drivers/BSP/STM32U5x9J-DK/stm32u5x9j_discovery_mmc.c:151:9:BSP_MMC_ReadBlocks	32	static
../Drivers/BSP/STM32U5x9J-DK/stm32u5x9j_discovery_mmc.c:173:9:BSP_MMC_WriteBlocks	32	static
../Drivers/BSP/STM32U5x9J-DK/stm32u5x9j_discovery_mmc.c:193:9:BSP_MMC_ReadBlocks_DMA	24	static
../Drivers/BSP/STM32U5x9J-DK/stm32u5x9j_discovery_mmc.c:213:9:BSP_MMC_WriteBlocks_DMA	24	static
../Drivers/BSP/STM32U5x9J-DK/stm32u5x9j_discovery_mmc.c:233:9:BSP_MMC_Erase	16	static
../Drivers/BSP/STM32U5x9J-DK/stm32u5x9j_discovery_mmc.c:252:13:BSP_MMC_MspInit	56	static
../Drivers/BSP/STM32U5x9J-DK/stm32u5x9j_discovery_mmc.c:302:13:BSP_MMC_MspDeInit	16	static
../Drivers/BSP/STM32U5x9J-DK/stm32u5x9j_discovery_mmc.c:325:6:BSP_MMC_IRQHandler	8	static
../Drivers/BSP/STM32U5x9J-DK/stm32u5x9j_discovery_mmc.c:339:9:BSP_MMC_GetCardState	8	static
../Drivers/BSP/STM32U5x9J-DK/stm32u5x9j_discovery_mmc.c:354:9:BSP_MMC_GetCardInfo	16	static
../Drivers/BSP/STM32U5x9J-DK/stm32u5x9j_discovery_mmc.c:364:6:HAL_MMC_AbortCallback	16	static
../Drivers/BSP/STM32U5x9J-DK/stm32u5x9j_discovery_mmc.c:378:6:HAL_MMC_TxCpltCallback	16	static
../Drivers/BSP/STM32U5x9J-DK/stm32u5x9j_discovery_mmc.c:391:6:HAL_MMC_RxCpltCallback	16	static
../Drivers/BSP/STM32U5x9J-DK/stm32u5x9j_discovery_mmc.c:403:13:BSP_MMC_AbortCallback	4	static
../Drivers/BSP/STM32U5x9J-DK/stm32u5x9j_discovery_mmc.c:412:13:BSP_MMC_WriteCpltCallback	4	static
../Drivers/BSP/STM32U5x9J-DK/stm32u5x9j_discovery_mmc.c:421:13:BSP_MMC_ReadCpltCallback	4	static
