../Drivers/BSP/STM32U5x9J-DK/stm32u5x9j_discovery_ospi.c:136:9:BSP_OSPI_NOR_Init	96	static,ignoring_inline_asm
../Drivers/BSP/STM32U5x9J-DK/stm32u5x9j_discovery_ospi.c:220:9:BSP_OSPI_NOR_DeInit	24	static
../Drivers/BSP/STM32U5x9J-DK/stm32u5x9j_discovery_ospi.c:270:26:MX_OSPI_NOR_Init	16	static
../Drivers/BSP/STM32U5x9J-DK/stm32u5x9j_discovery_ospi.c:383:9:BSP_OSPI_NOR_Read	40	static
../Drivers/BSP/STM32U5x9J-DK/stm32u5x9j_discovery_ospi.c:431:9:BSP_OSPI_NOR_Write	64	static
../Drivers/BSP/STM32U5x9J-DK/stm32u5x9j_discovery_ospi.c:528:9:BSP_OSPI_NOR_Erase_Block	48	static
../Drivers/BSP/STM32U5x9J-DK/stm32u5x9j_discovery_ospi.c:571:9:BSP_OSPI_NOR_Erase_Chip	32	static
../Drivers/BSP/STM32U5x9J-DK/stm32u5x9j_discovery_ospi.c:613:9:BSP_OSPI_NOR_GetStatus	32	static
../Drivers/BSP/STM32U5x9J-DK/stm32u5x9j_discovery_ospi.c:663:9:BSP_OSPI_NOR_GetInfo	24	static
../Drivers/BSP/STM32U5x9J-DK/stm32u5x9j_discovery_ospi.c:686:9:BSP_OSPI_NOR_EnableMemoryMappedMode	24	static
../Drivers/BSP/STM32U5x9J-DK/stm32u5x9j_discovery_ospi.c:733:9:BSP_OSPI_NOR_DisableMemoryMappedMode	24	static
../Drivers/BSP/STM32U5x9J-DK/stm32u5x9j_discovery_ospi.c:786:9:BSP_OSPI_NOR_ReadID	32	static
../Drivers/BSP/STM32U5x9J-DK/stm32u5x9j_discovery_ospi.c:818:9:BSP_OSPI_NOR_ConfigFlash	24	static
../Drivers/BSP/STM32U5x9J-DK/stm32u5x9j_discovery_ospi.c:900:9:BSP_OSPI_NOR_SuspendErase	32	static
../Drivers/BSP/STM32U5x9J-DK/stm32u5x9j_discovery_ospi.c:937:9:BSP_OSPI_NOR_ResumeErase	32	static
../Drivers/BSP/STM32U5x9J-DK/stm32u5x9j_discovery_ospi.c:979:9:BSP_OSPI_NOR_EnterDeepPowerDown	32	static
../Drivers/BSP/STM32U5x9J-DK/stm32u5x9j_discovery_ospi.c:1009:9:BSP_OSPI_NOR_LeaveDeepPowerDown	32	static
../Drivers/BSP/STM32U5x9J-DK/stm32u5x9j_discovery_ospi.c:1048:16:OSPI_DLYB_Enable	40	static
../Drivers/BSP/STM32U5x9J-DK/stm32u5x9j_discovery_ospi.c:1092:13:OSPI_NOR_MspInit	88	static
../Drivers/BSP/STM32U5x9J-DK/stm32u5x9j_discovery_ospi.c:1206:13:OSPI_NOR_MspDeInit	16	static
../Drivers/BSP/STM32U5x9J-DK/stm32u5x9j_discovery_ospi.c:1226:16:OSPI_NOR_ResetMemory	24	static
../Drivers/BSP/STM32U5x9J-DK/stm32u5x9j_discovery_ospi.c:1279:16:OSPI_NOR_EnterDOPIMode	40	static
../Drivers/BSP/STM32U5x9J-DK/stm32u5x9j_discovery_ospi.c:1353:16:OSPI_NOR_EnterSOPIMode	40	static
../Drivers/BSP/STM32U5x9J-DK/stm32u5x9j_discovery_ospi.c:1420:16:OSPI_NOR_ExitOPIMode	40	static
