VS1003.c:8:6:VS1003_SPI_Init	16	static
VS1003.c:32:6:VS1003_Init	40	static
VS1003.c:86:13:VS1003_SPI_SetSpeed	16	static
VS1003.c:116:17:VS1003_SPI_ReadWriteByte	32	static
VS1003.c:123:6:VS1003_WriteReg	16	static
VS1003.c:139:10:VS1003_ReadReg	24	static
VS1003.c:158:6:VS1003_ResetDecodeTime	8	static
VS1003.c:164:10:VS1003_GetDecodeTime	8	static
VS1003.c:171:6:VS1003_SoftReset	16	static
VS1003.c:222:6:VS1003_Reset	8	static
VS1003.c:236:6:VS1003_SineTest	8	static
VS1003.c:292:6:VS1003_RamTest	16	static
VS1003.c:313:6:VS1003_SetVol	16	static
VS1003.c:335:6:VS1003_WriteData	24	static
