VS1003.c:8:6:VS1003_SPI_Init	16	static
VS1003.c:31:6:VS1003_Init	40	static
VS1003.c:85:13:VS1003_SPI_SetSpeed	16	static
VS1003.c:115:17:VS1003_SPI_ReadWriteByte	32	static
VS1003.c:122:6:VS1003_WriteReg	16	static
VS1003.c:138:10:VS1003_ReadReg	24	static
VS1003.c:157:6:VS1003_ResetDecodeTime	8	static
VS1003.c:163:10:VS1003_GetDecodeTime	8	static
VS1003.c:170:6:VS1003_SoftReset	16	static
VS1003.c:221:6:VS1003_Reset	8	static
VS1003.c:235:6:VS1003_SineTest	8	static
VS1003.c:291:6:VS1003_RamTest	16	static
VS1003.c:312:6:VS1003_SetVol	16	static
VS1003.c:334:6:VS1003_WriteData	24	static
