../Drivers/STM32U5xx_HAL_Driver/Src/stm32u5xx_hal_mmc.c:408:19:HAL_MMC_Init	16	static
../Drivers/STM32U5xx_HAL_Driver/Src/stm32u5xx_hal_mmc.c:486:19:HAL_MMC_InitCard	64	static
../Drivers/STM32U5xx_HAL_Driver/Src/stm32u5xx_hal_mmc.c:567:19:HAL_MMC_DeInit	16	static
../Drivers/STM32U5xx_HAL_Driver/Src/stm32u5xx_hal_mmc.c:607:13:HAL_MMC_MspInit	16	static
../Drivers/STM32U5xx_HAL_Driver/Src/stm32u5xx_hal_mmc.c:622:13:HAL_MMC_MspDeInit	16	static
../Drivers/STM32U5xx_HAL_Driver/Src/stm32u5xx_hal_mmc.c:663:19:HAL_MMC_ReadBlocks	80	static
../Drivers/STM32U5xx_HAL_Driver/Src/stm32u5xx_hal_mmc.c:860:19:HAL_MMC_WriteBlocks	80	static
../Drivers/STM32U5xx_HAL_Driver/Src/stm32u5xx_hal_mmc.c:1056:19:HAL_MMC_ReadBlocks_IT	56	static
../Drivers/STM32U5xx_HAL_Driver/Src/stm32u5xx_hal_mmc.c:1169:19:HAL_MMC_WriteBlocks_IT	56	static
../Drivers/STM32U5xx_HAL_Driver/Src/stm32u5xx_hal_mmc.c:1283:19:HAL_MMC_ReadBlocks_DMA	56	static
../Drivers/STM32U5xx_HAL_Driver/Src/stm32u5xx_hal_mmc.c:1398:19:HAL_MMC_WriteBlocks_DMA	56	static
../Drivers/STM32U5xx_HAL_Driver/Src/stm32u5xx_hal_mmc.c:1510:19:HAL_MMC_Erase	40	static
../Drivers/STM32U5xx_HAL_Driver/Src/stm32u5xx_hal_mmc.c:1619:6:HAL_MMC_IRQHandler	24	static
../Drivers/STM32U5xx_HAL_Driver/Src/stm32u5xx_hal_mmc.c:1833:22:HAL_MMC_GetState	16	static
../Drivers/STM32U5xx_HAL_Driver/Src/stm32u5xx_hal_mmc.c:1844:10:HAL_MMC_GetError	16	static
../Drivers/STM32U5xx_HAL_Driver/Src/stm32u5xx_hal_mmc.c:1854:13:HAL_MMC_TxCpltCallback	16	static
../Drivers/STM32U5xx_HAL_Driver/Src/stm32u5xx_hal_mmc.c:1869:13:HAL_MMC_RxCpltCallback	16	static
../Drivers/STM32U5xx_HAL_Driver/Src/stm32u5xx_hal_mmc.c:1884:13:HAL_MMC_ErrorCallback	16	static
../Drivers/STM32U5xx_HAL_Driver/Src/stm32u5xx_hal_mmc.c:1899:13:HAL_MMC_AbortCallback	16	static
../Drivers/STM32U5xx_HAL_Driver/Src/stm32u5xx_hal_mmc.c:2123:19:HAL_MMC_GetCardCID	16	static
../Drivers/STM32U5xx_HAL_Driver/Src/stm32u5xx_hal_mmc.c:2156:19:HAL_MMC_GetCardCSD	24	static
../Drivers/STM32U5xx_HAL_Driver/Src/stm32u5xx_hal_mmc.c:2274:19:HAL_MMC_GetCardInfo	16	static
../Drivers/STM32U5xx_HAL_Driver/Src/stm32u5xx_hal_mmc.c:2296:19:HAL_MMC_GetCardExtCSD	64	static
../Drivers/STM32U5xx_HAL_Driver/Src/stm32u5xx_hal_mmc.c:2418:19:HAL_MMC_ConfigWideBusOperation	64	static
../Drivers/STM32U5xx_HAL_Driver/Src/stm32u5xx_hal_mmc.c:2539:19:HAL_MMC_ConfigSpeedBusOperation	32	static
../Drivers/STM32U5xx_HAL_Driver/Src/stm32u5xx_hal_mmc.c:2695:26:HAL_MMC_GetCardState	32	static
../Drivers/STM32U5xx_HAL_Driver/Src/stm32u5xx_hal_mmc.c:2718:19:HAL_MMC_Abort	24	static
../Drivers/STM32U5xx_HAL_Driver/Src/stm32u5xx_hal_mmc.c:2813:19:HAL_MMC_Abort_IT	24	static
../Drivers/STM32U5xx_HAL_Driver/Src/stm32u5xx_hal_mmc.c:2869:19:HAL_MMC_EraseSequence	40	static
../Drivers/STM32U5xx_HAL_Driver/Src/stm32u5xx_hal_mmc.c:3000:19:HAL_MMC_Sanitize	32	static
../Drivers/STM32U5xx_HAL_Driver/Src/stm32u5xx_hal_mmc.c:3111:19:HAL_MMC_ConfigSecRemovalType	48	static,ignoring_inline_asm
../Drivers/STM32U5xx_HAL_Driver/Src/stm32u5xx_hal_mmc.c:3217:19:HAL_MMC_GetSupportedSecRemovalType	16	static
../Drivers/STM32U5xx_HAL_Driver/Src/stm32u5xx_hal_mmc.c:3244:19:HAL_MMC_SleepDevice	40	static
../Drivers/STM32U5xx_HAL_Driver/Src/stm32u5xx_hal_mmc.c:3442:19:HAL_MMC_AwakeDevice	40	static
../Drivers/STM32U5xx_HAL_Driver/Src/stm32u5xx_hal_mmc.c:3594:17:MMC_InitCard	104	static
../Drivers/STM32U5xx_HAL_Driver/Src/stm32u5xx_hal_mmc.c:3701:17:MMC_PowerON	32	static
../Drivers/STM32U5xx_HAL_Driver/Src/stm32u5xx_hal_mmc.c:3754:13:MMC_PowerOFF	16	static
../Drivers/STM32U5xx_HAL_Driver/Src/stm32u5xx_hal_mmc.c:3767:17:MMC_SendStatus	24	static
../Drivers/STM32U5xx_HAL_Driver/Src/stm32u5xx_hal_mmc.c:3797:26:MMC_ReadExtCSD	72	static
../Drivers/STM32U5xx_HAL_Driver/Src/stm32u5xx_hal_mmc.c:3913:13:MMC_Read_IT	32	static
../Drivers/STM32U5xx_HAL_Driver/Src/stm32u5xx_hal_mmc.c:3948:13:MMC_Write_IT	32	static
../Drivers/STM32U5xx_HAL_Driver/Src/stm32u5xx_hal_mmc.c:3983:17:MMC_HighSpeed	72	static
../Drivers/STM32U5xx_HAL_Driver/Src/stm32u5xx_hal_mmc.c:4096:17:MMC_DDR_Mode	32	static
../Drivers/STM32U5xx_HAL_Driver/Src/stm32u5xx_hal_mmc.c:4204:17:MMC_PwrClassUpdate	48	static
../Drivers/STM32U5xx_HAL_Driver/Src/stm32u5xx_hal_mmc.c:4307:19:HAL_MMC_SwitchPartition	40	static
../Drivers/STM32U5xx_HAL_Driver/Src/stm32u5xx_hal_mmc.c:4411:19:HAL_MMC_RPMB_ProgramAuthenticationKey	96	static
../Drivers/STM32U5xx_HAL_Driver/Src/stm32u5xx_hal_mmc.c:4689:10:HAL_MMC_RPMB_GetWriteCounter	112	static
../Drivers/STM32U5xx_HAL_Driver/Src/stm32u5xx_hal_mmc.c:4983:19:HAL_MMC_RPMB_WriteBlocks	152	static
../Drivers/STM32U5xx_HAL_Driver/Src/stm32u5xx_hal_mmc.c:5547:19:HAL_MMC_RPMB_ReadBlocks	128	static
../Drivers/STM32U5xx_HAL_Driver/Src/stm32u5xx_hal_mmc.c:5853:13:HAL_MMCEx_Read_DMALnkLstBufCpltCallback	16	static
../Drivers/STM32U5xx_HAL_Driver/Src/stm32u5xx_hal_mmc.c:5867:13:HAL_MMCEx_Write_DMALnkLstBufCpltCallback	16	static
