../Drivers/STM32U5xx_HAL_Driver/Src/stm32u5xx_hal_pcd.c:132:19:HAL_PCD_Init	32	static
../Drivers/STM32U5xx_HAL_Driver/Src/stm32u5xx_hal_pcd.c:265:19:HAL_PCD_DeInit	16	static
../Drivers/STM32U5xx_HAL_Driver/Src/stm32u5xx_hal_pcd.c:304:13:HAL_PCD_MspInit	16	static
../Drivers/STM32U5xx_HAL_Driver/Src/stm32u5xx_hal_pcd.c:319:13:HAL_PCD_MspDeInit	16	static
../Drivers/STM32U5xx_HAL_Driver/Src/stm32u5xx_hal_pcd.c:1022:19:HAL_PCD_Start	16	static
../Drivers/STM32U5xx_HAL_Driver/Src/stm32u5xx_hal_pcd.c:1048:19:HAL_PCD_Stop	16	static
../Drivers/STM32U5xx_HAL_Driver/Src/stm32u5xx_hal_pcd.c:1081:6:HAL_PCD_IRQHandler	64	static
../Drivers/STM32U5xx_HAL_Driver/Src/stm32u5xx_hal_pcd.c:1688:13:HAL_PCD_DataOutStageCallback	16	static
../Drivers/STM32U5xx_HAL_Driver/Src/stm32u5xx_hal_pcd.c:1705:13:HAL_PCD_DataInStageCallback	16	static
../Drivers/STM32U5xx_HAL_Driver/Src/stm32u5xx_hal_pcd.c:1720:13:HAL_PCD_SetupStageCallback	16	static
../Drivers/STM32U5xx_HAL_Driver/Src/stm32u5xx_hal_pcd.c:1735:13:HAL_PCD_SOFCallback	16	static
../Drivers/STM32U5xx_HAL_Driver/Src/stm32u5xx_hal_pcd.c:1750:13:HAL_PCD_ResetCallback	16	static
../Drivers/STM32U5xx_HAL_Driver/Src/stm32u5xx_hal_pcd.c:1765:13:HAL_PCD_SuspendCallback	16	static
../Drivers/STM32U5xx_HAL_Driver/Src/stm32u5xx_hal_pcd.c:1780:13:HAL_PCD_ResumeCallback	16	static
../Drivers/STM32U5xx_HAL_Driver/Src/stm32u5xx_hal_pcd.c:1796:13:HAL_PCD_ISOOUTIncompleteCallback	16	static
../Drivers/STM32U5xx_HAL_Driver/Src/stm32u5xx_hal_pcd.c:1813:13:HAL_PCD_ISOINIncompleteCallback	16	static
../Drivers/STM32U5xx_HAL_Driver/Src/stm32u5xx_hal_pcd.c:1829:13:HAL_PCD_ConnectCallback	16	static
../Drivers/STM32U5xx_HAL_Driver/Src/stm32u5xx_hal_pcd.c:1844:13:HAL_PCD_DisconnectCallback	16	static
../Drivers/STM32U5xx_HAL_Driver/Src/stm32u5xx_hal_pcd.c:1878:19:HAL_PCD_DevConnect	16	static
../Drivers/STM32U5xx_HAL_Driver/Src/stm32u5xx_hal_pcd.c:1905:19:HAL_PCD_DevDisconnect	16	static
../Drivers/STM32U5xx_HAL_Driver/Src/stm32u5xx_hal_pcd.c:1933:19:HAL_PCD_SetAddress	16	static
../Drivers/STM32U5xx_HAL_Driver/Src/stm32u5xx_hal_pcd.c:1950:19:HAL_PCD_EP_Open	24	static
../Drivers/STM32U5xx_HAL_Driver/Src/stm32u5xx_hal_pcd.c:1998:19:HAL_PCD_EP_Close	24	static
../Drivers/STM32U5xx_HAL_Driver/Src/stm32u5xx_hal_pcd.c:2029:19:HAL_PCD_EP_Receive	32	static
../Drivers/STM32U5xx_HAL_Driver/Src/stm32u5xx_hal_pcd.c:2062:10:HAL_PCD_EP_GetRxCount	16	static
../Drivers/STM32U5xx_HAL_Driver/Src/stm32u5xx_hal_pcd.c:2074:19:HAL_PCD_EP_Transmit	32	static
../Drivers/STM32U5xx_HAL_Driver/Src/stm32u5xx_hal_pcd.c:2111:19:HAL_PCD_EP_SetStall	24	static
../Drivers/STM32U5xx_HAL_Driver/Src/stm32u5xx_hal_pcd.c:2156:19:HAL_PCD_EP_ClrStall	24	static
../Drivers/STM32U5xx_HAL_Driver/Src/stm32u5xx_hal_pcd.c:2192:19:HAL_PCD_EP_Abort	24	static
../Drivers/STM32U5xx_HAL_Driver/Src/stm32u5xx_hal_pcd.c:2218:19:HAL_PCD_EP_Flush	16	static
../Drivers/STM32U5xx_HAL_Driver/Src/stm32u5xx_hal_pcd.c:2241:19:HAL_PCD_ActivateRemoteWakeup	16	static
../Drivers/STM32U5xx_HAL_Driver/Src/stm32u5xx_hal_pcd.c:2251:19:HAL_PCD_DeActivateRemoteWakeup	16	static
../Drivers/STM32U5xx_HAL_Driver/Src/stm32u5xx_hal_pcd.c:2280:18:HAL_PCD_GetState	16	static
../Drivers/STM32U5xx_HAL_Driver/Src/stm32u5xx_hal_pcd.c:2292:19:HAL_PCD_SetTestMode	24	static
../Drivers/STM32U5xx_HAL_Driver/Src/stm32u5xx_hal_pcd.c:2333:26:PCD_WriteEmptyTxFifo	48	static
../Drivers/STM32U5xx_HAL_Driver/Src/stm32u5xx_hal_pcd.c:2393:26:PCD_EP_OutXfrComplete_int	40	static
../Drivers/STM32U5xx_HAL_Driver/Src/stm32u5xx_hal_pcd.c:2505:26:PCD_EP_OutSetupPacket_int	32	static
