main.c:74:5:_write	24	static
main.c:99:5:main	40	static
main.c:178:6:SystemClock_Config	88	static
main.c:225:6:MountSD	8	static
main.c:235:6:UnMountSD	8	static
main.c:245:6:OpenFile	16	static
main.c:257:6:CloseFile	8	static
main.c:269:6:CheckSize	112	static
main.c:286:6:WriteFile	24	static
main.c:321:6:ReadFile	120	static
main.c:361:6:saveFile	216	static
main.c:459:6:SDtest	40	static
main.c:478:6:_Error_Handler	16	static
main.c:488:6:HAL_GPIO_EXTI_Callback	16	static
main.c:517:6:Error_Handler	4	static,ignoring_inline_asm
