../Core/Src/main.c:66:5:_write	24	static
../Core/Src/main.c:85:5:main	48	static
../Core/Src/main.c:150:6:SystemClock_Config	88	static
../Core/Src/main.c:201:6:HAL_TIM_PeriodElapsedCallback	16	static
../Core/Src/main.c:212:6:HAL_TIM_OC_DelayElapsedCallback	16	static
../Core/Src/main.c:221:6:HAL_TIM_IC_CaptureCallback	16	static
../Core/Src/main.c:283:10:DWT_Delay_Init	4	static,ignoring_inline_asm
../Core/Src/main.c:314:6:DWT_Delay_us	24	static
../Core/Src/main.c:325:6:TriggerEnable	8	static
../Core/Src/main.c:341:6:Error_Handler	4	static,ignoring_inline_asm
