19:51:54 **** Incremental Build of configuration Debug for project 10-1_SPI_F429ZIT6U ****
make -j12 all 
arm-none-eabi-gcc "../Core/Src/VS1003.c" -mcpu=cortex-m4 -std=gnu11 -g3 -DDEBUG -DUSE_HAL_DRIVER -DSTM32F429xx -c -I../Core/Inc -I../Drivers/STM32F4xx_HAL_Driver/Inc -I../Drivers/STM32F4xx_HAL_Driver/Inc/Legacy -I../Drivers/CMSIS/Device/ST/STM32F4xx/Include -I../Drivers/CMSIS/Include -O0 -ffunction-sections -fdata-sections -Wall -fstack-usage -MMD -MP -MF"Core/Src/VS1003.d" -MT"Core/Src/VS1003.o" --specs=nano.specs -mfpu=fpv4-sp-d16 -mfloat-abi=hard -mthumb -o "Core/Src/VS1003.o"
../Core/Src/VS1003.c: In function 'VS1003_SPI_Init':
../Core/Src/VS1003.c:27:6: warning: implicit declaration of function 'Error_Handler' [-Wimplicit-function-declaration]
   27 |      Error_Handler(__FILE__, __LINE__);
      |      ^~~~~~~~~~~~~
../Core/Src/VS1003.c: In function 'VS1003_RamTest':
../Core/Src/VS1003.c:294:23: warning: variable 'value' set but not used [-Wunused-but-set-variable]
  294 |     volatile uint16_t value;
      |                       ^~~~~
arm-none-eabi-gcc -o "10-1_SPI_F429ZIT6U.elf" @"objects.list"   -mcpu=cortex-m4 -T"D:\Github\STM32\10-1_SPI_F429ZIT6U\STM32F429ZITX_FLASH.ld" --specs=nosys.specs -Wl,-Map="10-1_SPI_F429ZIT6U.map" -Wl,--gc-sections -static --specs=nano.specs -mfpu=fpv4-sp-d16 -mfloat-abi=hard -mthumb -Wl,--start-group -lc -lm -Wl,--end-group
Finished building target: 10-1_SPI_F429ZIT6U.elf
 
arm-none-eabi-size   10-1_SPI_F429ZIT6U.elf 
arm-none-eabi-objdump -h -S  10-1_SPI_F429ZIT6U.elf  > "10-1_SPI_F429ZIT6U.list"
arm-none-eabi-objcopy  -O binary  10-1_SPI_F429ZIT6U.elf  "10-1_SPI_F429ZIT6U.bin"
   text	   data	    bss	    dec	    hex	filename
  24456	     20	   2516	  26992	   6970	10-1_SPI_F429ZIT6U.elf
Finished building: default.size.stdout
 
Finished building: 10-1_SPI_F429ZIT6U.bin
 
Finished building: 10-1_SPI_F429ZIT6U.list
 

19:51:55 Build Finished. 0 errors, 2 warnings. (took 1s.3ms)

