19:19:44 **** Incremental Build of configuration Debug for project 6-1_PWM_F429ZIT6U ****
make -j16 all 
arm-none-eabi-gcc "../Core/Src/main.c" -mcpu=cortex-m4 -std=gnu11 -g3 -DDEBUG -DUSE_HAL_DRIVER -DSTM32F429xx -c -I../Core/Inc -I../Drivers/STM32F4xx_HAL_Driver/Inc -I../Drivers/STM32F4xx_HAL_Driver/Inc/Legacy -I../Drivers/CMSIS/Device/ST/STM32F4xx/Include -I../Drivers/CMSIS/Include -O0 -ffunction-sections -fdata-sections -Wall -fstack-usage -MMD -MP -MF"Core/Src/main.d" -MT"Core/Src/main.o" --specs=nano.specs -mfpu=fpv4-sp-d16 -mfloat-abi=hard -mthumb -o "Core/Src/main.o"
arm-none-eabi-gcc -o "6-1_PWM_F429ZIT6U.elf" @"objects.list"   -mcpu=cortex-m4 -T"D:\Github\STM32\6-1_PWM_F429ZIT6U\STM32F429ZITX_FLASH.ld" --specs=nosys.specs -Wl,-Map="6-1_PWM_F429ZIT6U.map" -Wl,--gc-sections -static --specs=nano.specs -mfpu=fpv4-sp-d16 -mfloat-abi=hard -mthumb -Wl,--start-group -lc -lm -Wl,--end-group
Finished building target: 6-1_PWM_F429ZIT6U.elf
 
arm-none-eabi-size   6-1_PWM_F429ZIT6U.elf 
arm-none-eabi-objdump -h -S  6-1_PWM_F429ZIT6U.elf  > "6-1_PWM_F429ZIT6U.list"
arm-none-eabi-objcopy  -O binary  6-1_PWM_F429ZIT6U.elf  "6-1_PWM_F429ZIT6U.bin"
   text	   data	    bss	    dec	    hex	filename
  16728	     20	   1940	  18688	   4900	6-1_PWM_F429ZIT6U.elf
Finished building: default.size.stdout
 
Finished building: 6-1_PWM_F429ZIT6U.bin
 
Finished building: 6-1_PWM_F429ZIT6U.list
 

19:19:45 Build Finished. 0 errors, 0 warnings. (took 838ms)

