03:49:02 **** Incremental Build of configuration Debug for project 6-2_PWM_SG90_BUZZER_DCmotor_F429ZIT6U ****
make -j16 all 
arm-none-eabi-gcc "../Core/Src/main.c" -mcpu=cortex-m4 -std=gnu11 -g3 -DDEBUG -DUSE_HAL_DRIVER -DSTM32F429xx -c -I../Core/Inc -I../Drivers/STM32F4xx_HAL_Driver/Inc -I../Drivers/STM32F4xx_HAL_Driver/Inc/Legacy -I../Drivers/CMSIS/Device/ST/STM32F4xx/Include -I../Drivers/CMSIS/Include -O0 -ffunction-sections -fdata-sections -Wall -fstack-usage -MMD -MP -MF"Core/Src/main.d" -MT"Core/Src/main.o" --specs=nano.specs -mfpu=fpv4-sp-d16 -mfloat-abi=hard -mthumb -o "Core/Src/main.o"
arm-none-eabi-gcc -o "6-2_PWM_SG90_BUZZER_DCmotor_F429ZIT6U.elf" @"objects.list"   -mcpu=cortex-m4 -T"D:\Github\STM32\6-2_PWM_SG90_BUZZER_DCmotor_F429ZIT6U\STM32F429ZITX_FLASH.ld" --specs=nosys.specs -Wl,-Map="6-2_PWM_SG90_BUZZER_DCmotor_F429ZIT6U.map" -Wl,--gc-sections -static --specs=nano.specs -mfpu=fpv4-sp-d16 -mfloat-abi=hard -mthumb -u _printf_float -u _scanf_float -Wl,--start-group -lc -lm -Wl,--end-group
Finished building target: 6-2_PWM_SG90_BUZZER_DCmotor_F429ZIT6U.elf
 
arm-none-eabi-size   6-2_PWM_SG90_BUZZER_DCmotor_F429ZIT6U.elf 
arm-none-eabi-objdump -h -S  6-2_PWM_SG90_BUZZER_DCmotor_F429ZIT6U.elf  > "6-2_PWM_SG90_BUZZER_DCmotor_F429ZIT6U.list"
arm-none-eabi-objcopy  -O binary  6-2_PWM_SG90_BUZZER_DCmotor_F429ZIT6U.elf  "6-2_PWM_SG90_BUZZER_DCmotor_F429ZIT6U.bin"
   text	   data	    bss	    dec	    hex	filename
  41540	    488	   2184	  44212	   acb4	6-2_PWM_SG90_BUZZER_DCmotor_F429ZIT6U.elf
Finished building: default.size.stdout
 
Finished building: 6-2_PWM_SG90_BUZZER_DCmotor_F429ZIT6U.bin
 
Finished building: 6-2_PWM_SG90_BUZZER_DCmotor_F429ZIT6U.list
 
03:49:08 **** Incremental Build of configuration Debug for project 6-2_PWM_SG90_BUZZER_DCmotor_F429ZIT6U ****
make -j16 all 
arm-none-eabi-size   6-2_PWM_SG90_BUZZER_DCmotor_F429ZIT6U.elf 
   text	   data	    bss	    dec	    hex	filename
  41540	    488	   2184	  44212	   acb4	6-2_PWM_SG90_BUZZER_DCmotor_F429ZIT6U.elf
Finished building: default.size.stdout
 
