00:43:37 **** Incremental Build of configuration Debug for project 2-3_UART_interrupt_F429ZIT6U ****
make -j16 all 
arm-none-eabi-gcc "../Core/Src/main.c" -mcpu=cortex-m4 -std=gnu11 -g3 -DDEBUG -DUSE_HAL_DRIVER -DSTM32F429xx -c -I../Core/Inc -I../Drivers/STM32F4xx_HAL_Driver/Inc -I../Drivers/STM32F4xx_HAL_Driver/Inc/Legacy -I../Drivers/CMSIS/Device/ST/STM32F4xx/Include -I../Drivers/CMSIS/Include -O0 -ffunction-sections -fdata-sections -Wall -fstack-usage -MMD -MP -MF"Core/Src/main.d" -MT"Core/Src/main.o" --specs=nano.specs -mfpu=fpv4-sp-d16 -mfloat-abi=hard -mthumb -o "Core/Src/main.o"
arm-none-eabi-gcc -o "2-3_UART_interrupt_F429ZIT6U.elf" @"objects.list"   -mcpu=cortex-m4 -T"D:\Github\STM32\2-3_UART_interrupt_F429ZIT6U\STM32F429ZITX_FLASH.ld" --specs=nosys.specs -Wl,-Map="2-3_UART_interrupt_F429ZIT6U.map" -Wl,--gc-sections -static --specs=nano.specs -mfpu=fpv4-sp-d16 -mfloat-abi=hard -mthumb -u _printf_float -u _scanf_float -Wl,--start-group -lc -lm -Wl,--end-group
Finished building target: 2-3_UART_interrupt_F429ZIT6U.elf
 
arm-none-eabi-size   2-3_UART_interrupt_F429ZIT6U.elf 
arm-none-eabi-objdump -h -S  2-3_UART_interrupt_F429ZIT6U.elf  > "2-3_UART_interrupt_F429ZIT6U.list"
arm-none-eabi-objcopy  -O binary  2-3_UART_interrupt_F429ZIT6U.elf  "2-3_UART_interrupt_F429ZIT6U.bin"
   text	   data	    bss	    dec	    hex	filename
  33976	    488	   1672	  36136	   8d28	2-3_UART_interrupt_F429ZIT6U.elf
Finished building: default.size.stdout
 
Finished building: 2-3_UART_interrupt_F429ZIT6U.bin
 
Finished building: 2-3_UART_interrupt_F429ZIT6U.list
 
00:43:50 **** Incremental Build of configuration Debug for project 2-3_UART_interrupt_F429ZIT6U ****
make -j16 all 
arm-none-eabi-size   2-3_UART_interrupt_F429ZIT6U.elf 
   text	   data	    bss	    dec	    hex	filename
  33976	    488	   1672	  36136	   8d28	2-3_UART_interrupt_F429ZIT6U.elf
Finished building: default.size.stdout
 
00:53:49 **** Incremental Build of configuration Debug for project 2-3_UART_interrupt_F429ZIT6U ****
make -j16 all 
arm-none-eabi-gcc "../Core/Src/main.c" -mcpu=cortex-m4 -std=gnu11 -g3 -DDEBUG -DUSE_HAL_DRIVER -DSTM32F429xx -c -I../Core/Inc -I../Drivers/STM32F4xx_HAL_Driver/Inc -I../Drivers/STM32F4xx_HAL_Driver/Inc/Legacy -I../Drivers/CMSIS/Device/ST/STM32F4xx/Include -I../Drivers/CMSIS/Include -O0 -ffunction-sections -fdata-sections -Wall -fstack-usage -MMD -MP -MF"Core/Src/main.d" -MT"Core/Src/main.o" --specs=nano.specs -mfpu=fpv4-sp-d16 -mfloat-abi=hard -mthumb -o "Core/Src/main.o"
arm-none-eabi-gcc -o "2-3_UART_interrupt_F429ZIT6U.elf" @"objects.list"   -mcpu=cortex-m4 -T"D:\Github\STM32\2-3_UART_interrupt_F429ZIT6U\STM32F429ZITX_FLASH.ld" --specs=nosys.specs -Wl,-Map="2-3_UART_interrupt_F429ZIT6U.map" -Wl,--gc-sections -static --specs=nano.specs -mfpu=fpv4-sp-d16 -mfloat-abi=hard -mthumb -u _printf_float -u _scanf_float -Wl,--start-group -lc -lm -Wl,--end-group
Finished building target: 2-3_UART_interrupt_F429ZIT6U.elf
 
arm-none-eabi-size   2-3_UART_interrupt_F429ZIT6U.elf 
arm-none-eabi-objdump -h -S  2-3_UART_interrupt_F429ZIT6U.elf  > "2-3_UART_interrupt_F429ZIT6U.list"
arm-none-eabi-objcopy  -O binary  2-3_UART_interrupt_F429ZIT6U.elf  "2-3_UART_interrupt_F429ZIT6U.bin"
   text	   data	    bss	    dec	    hex	filename
  33840	    488	   1672	  36000	   8ca0	2-3_UART_interrupt_F429ZIT6U.elf
Finished building: default.size.stdout
 
Finished building: 2-3_UART_interrupt_F429ZIT6U.bin
 
Finished building: 2-3_UART_interrupt_F429ZIT6U.list
 
00:55:18 **** Incremental Build of configuration Debug for project 2-3_UART_interrupt_F429ZIT6U ****
make -j16 all 
arm-none-eabi-size   2-3_UART_interrupt_F429ZIT6U.elf 
   text	   data	    bss	    dec	    hex	filename
  33840	    488	   1672	  36000	   8ca0	2-3_UART_interrupt_F429ZIT6U.elf
Finished building: default.size.stdout
 
00:55:44 **** Incremental Build of configuration Debug for project 2-3_UART_interrupt_F429ZIT6U ****
make -j16 all 
arm-none-eabi-size   2-3_UART_interrupt_F429ZIT6U.elf 
   text	   data	    bss	    dec	    hex	filename
  33840	    488	   1672	  36000	   8ca0	2-3_UART_interrupt_F429ZIT6U.elf
Finished building: default.size.stdout
 
00:56:23 **** Incremental Build of configuration Debug for project 2-3_UART_interrupt_F429ZIT6U ****
make -j16 all 
arm-none-eabi-size   2-3_UART_interrupt_F429ZIT6U.elf 
   text	   data	    bss	    dec	    hex	filename
  33840	    488	   1672	  36000	   8ca0	2-3_UART_interrupt_F429ZIT6U.elf
Finished building: default.size.stdout
 
00:56:36 **** Incremental Build of configuration Debug for project 2-3_UART_interrupt_F429ZIT6U ****
make -j16 all 
arm-none-eabi-size   2-3_UART_interrupt_F429ZIT6U.elf 
   text	   data	    bss	    dec	    hex	filename
  33840	    488	   1672	  36000	   8ca0	2-3_UART_interrupt_F429ZIT6U.elf
Finished building: default.size.stdout
 
00:59:06 **** Incremental Build of configuration Debug for project 2-3_UART_interrupt_F429ZIT6U ****
make -j16 all 
arm-none-eabi-size   2-3_UART_interrupt_F429ZIT6U.elf 
   text	   data	    bss	    dec	    hex	filename
  33840	    488	   1672	  36000	   8ca0	2-3_UART_interrupt_F429ZIT6U.elf
Finished building: default.size.stdout
 
08:45:24 **** Incremental Build of configuration Debug for project 2-3_UART_interrupt_F429ZIT6U ****
make -j16 all 
arm-none-eabi-gcc "../Core/Src/main.c" -mcpu=cortex-m4 -std=gnu11 -g3 -DDEBUG -DUSE_HAL_DRIVER -DSTM32F429xx -c -I../Core/Inc -I../Drivers/STM32F4xx_HAL_Driver/Inc -I../Drivers/STM32F4xx_HAL_Driver/Inc/Legacy -I../Drivers/CMSIS/Device/ST/STM32F4xx/Include -I../Drivers/CMSIS/Include -O0 -ffunction-sections -fdata-sections -Wall -fstack-usage -MMD -MP -MF"Core/Src/main.d" -MT"Core/Src/main.o" --specs=nano.specs -mfpu=fpv4-sp-d16 -mfloat-abi=hard -mthumb -o "Core/Src/main.o"
arm-none-eabi-gcc -o "2-3_UART_interrupt_F429ZIT6U.elf" @"objects.list"   -mcpu=cortex-m4 -T"D:\Github\STM32\2-3_UART_interrupt_F429ZIT6U\STM32F429ZITX_FLASH.ld" --specs=nosys.specs -Wl,-Map="2-3_UART_interrupt_F429ZIT6U.map" -Wl,--gc-sections -static --specs=nano.specs -mfpu=fpv4-sp-d16 -mfloat-abi=hard -mthumb -u _printf_float -u _scanf_float -Wl,--start-group -lc -lm -Wl,--end-group
Finished building target: 2-3_UART_interrupt_F429ZIT6U.elf
 
arm-none-eabi-size   2-3_UART_interrupt_F429ZIT6U.elf 
arm-none-eabi-objdump -h -S  2-3_UART_interrupt_F429ZIT6U.elf  > "2-3_UART_interrupt_F429ZIT6U.list"
arm-none-eabi-objcopy  -O binary  2-3_UART_interrupt_F429ZIT6U.elf  "2-3_UART_interrupt_F429ZIT6U.bin"
   text	   data	    bss	    dec	    hex	filename
  33840	    488	   1672	  36000	   8ca0	2-3_UART_interrupt_F429ZIT6U.elf
Finished building: default.size.stdout
 
Finished building: 2-3_UART_interrupt_F429ZIT6U.bin
 
Finished building: 2-3_UART_interrupt_F429ZIT6U.list
 
08:51:04 **** Incremental Build of configuration Debug for project 2-3_UART_interrupt_F429ZIT6U ****
make -j16 all 
arm-none-eabi-size   2-3_UART_interrupt_F429ZIT6U.elf 
   text	   data	    bss	    dec	    hex	filename
  33840	    488	   1672	  36000	   8ca0	2-3_UART_interrupt_F429ZIT6U.elf
Finished building: default.size.stdout
 
10:42:08 **** Build of configuration Debug for project 2-3_UART_interrupt_F429ZIT6U ****
make -j16 all 
arm-none-eabi-size   2-3_UART_interrupt_F429ZIT6U.elf 
   text	   data	    bss	    dec	    hex	filename
  33840	    488	   1672	  36000	   8ca0	2-3_UART_interrupt_F429ZIT6U.elf
Finished building: default.size.stdout
 
