19:49:11 **** Incremental Build of configuration Debug for project 11-3_SDcard_SPI_FATFS_F429ZI ****
make -j12 all 
arm-none-eabi-gcc "../Core/Src/main.c" -mcpu=cortex-m4 -std=gnu11 -g3 -DDEBUG -DUSE_HAL_DRIVER -DSTM32F429xx -c -I../Core/Inc -I../Drivers/STM32F4xx_HAL_Driver/Inc -I../Drivers/STM32F4xx_HAL_Driver/Inc/Legacy -I../Drivers/CMSIS/Device/ST/STM32F4xx/Include -I../Drivers/CMSIS/Include -I../FATFS/Target -I../FATFS/App -I../Middlewares/Third_Party/FatFs/src -O0 -ffunction-sections -fdata-sections -Wall -fstack-usage -MMD -MP -MF"Core/Src/main.d" -MT"Core/Src/main.o" --specs=nano.specs -mfpu=fpv4-sp-d16 -mfloat-abi=hard -mthumb -o "Core/Src/main.o"
arm-none-eabi-gcc -o "11-3_SDcard_SPI_FATFS_F429ZI.elf" @"objects.list"   -mcpu=cortex-m4 -T"D:\Github\STM32\11-3_SDcard_SPI_FATFS_F429ZI\STM32F429ZITX_FLASH.ld" --specs=nosys.specs -Wl,-Map="11-3_SDcard_SPI_FATFS_F429ZI.map" -Wl,--gc-sections -static --specs=nano.specs -mfpu=fpv4-sp-d16 -mfloat-abi=hard -mthumb -Wl,--start-group -lc -lm -Wl,--end-group
Finished building target: 11-3_SDcard_SPI_FATFS_F429ZI.elf
 
arm-none-eabi-size   11-3_SDcard_SPI_FATFS_F429ZI.elf 
arm-none-eabi-objdump -h -S  11-3_SDcard_SPI_FATFS_F429ZI.elf  > "11-3_SDcard_SPI_FATFS_F429ZI.list"
arm-none-eabi-objcopy  -O binary  11-3_SDcard_SPI_FATFS_F429ZI.elf  "11-3_SDcard_SPI_FATFS_F429ZI.bin"
   text	   data	    bss	    dec	    hex	filename
  42588	    144	  19176	  61908	   f1d4	11-3_SDcard_SPI_FATFS_F429ZI.elf
Finished building: default.size.stdout
 
Finished building: 11-3_SDcard_SPI_FATFS_F429ZI.bin
 
Finished building: 11-3_SDcard_SPI_FATFS_F429ZI.list
 
20:05:16 **** Incremental Build of configuration Debug for project 11-3_SDcard_SPI_FATFS_F429ZI ****
make -j12 all 
arm-none-eabi-gcc "../Core/Src/main.c" -mcpu=cortex-m4 -std=gnu11 -g3 -DDEBUG -DUSE_HAL_DRIVER -DSTM32F429xx -c -I../Core/Inc -I../Drivers/STM32F4xx_HAL_Driver/Inc -I../Drivers/STM32F4xx_HAL_Driver/Inc/Legacy -I../Drivers/CMSIS/Device/ST/STM32F4xx/Include -I../Drivers/CMSIS/Include -I../FATFS/Target -I../FATFS/App -I../Middlewares/Third_Party/FatFs/src -O0 -ffunction-sections -fdata-sections -Wall -fstack-usage -MMD -MP -MF"Core/Src/main.d" -MT"Core/Src/main.o" --specs=nano.specs -mfpu=fpv4-sp-d16 -mfloat-abi=hard -mthumb -o "Core/Src/main.o"
arm-none-eabi-gcc -o "11-3_SDcard_SPI_FATFS_F429ZI.elf" @"objects.list"   -mcpu=cortex-m4 -T"D:\Github\STM32\11-3_SDcard_SPI_FATFS_F429ZI\STM32F429ZITX_FLASH.ld" --specs=nosys.specs -Wl,-Map="11-3_SDcard_SPI_FATFS_F429ZI.map" -Wl,--gc-sections -static --specs=nano.specs -mfpu=fpv4-sp-d16 -mfloat-abi=hard -mthumb -Wl,--start-group -lc -lm -Wl,--end-group
Finished building target: 11-3_SDcard_SPI_FATFS_F429ZI.elf
 
arm-none-eabi-size   11-3_SDcard_SPI_FATFS_F429ZI.elf 
arm-none-eabi-objdump -h -S  11-3_SDcard_SPI_FATFS_F429ZI.elf  > "11-3_SDcard_SPI_FATFS_F429ZI.list"
arm-none-eabi-objcopy  -O binary  11-3_SDcard_SPI_FATFS_F429ZI.elf  "11-3_SDcard_SPI_FATFS_F429ZI.bin"
   text	   data	    bss	    dec	    hex	filename
  42512	    144	  19176	  61832	   f188	11-3_SDcard_SPI_FATFS_F429ZI.elf
Finished building: default.size.stdout
 
Finished building: 11-3_SDcard_SPI_FATFS_F429ZI.bin
 
Finished building: 11-3_SDcard_SPI_FATFS_F429ZI.list
 
21:12:35 **** Incremental Build of configuration Debug for project 11-3_SDcard_SPI_FATFS_F429ZI ****
make -j12 all 
arm-none-eabi-gcc "../Core/Src/main.c" -mcpu=cortex-m4 -std=gnu11 -g3 -DDEBUG -DUSE_HAL_DRIVER -DSTM32F429xx -c -I../Core/Inc -I../Drivers/STM32F4xx_HAL_Driver/Inc -I../Drivers/STM32F4xx_HAL_Driver/Inc/Legacy -I../Drivers/CMSIS/Device/ST/STM32F4xx/Include -I../Drivers/CMSIS/Include -I../FATFS/Target -I../FATFS/App -I../Middlewares/Third_Party/FatFs/src -O0 -ffunction-sections -fdata-sections -Wall -fstack-usage -MMD -MP -MF"Core/Src/main.d" -MT"Core/Src/main.o" --specs=nano.specs -mfpu=fpv4-sp-d16 -mfloat-abi=hard -mthumb -o "Core/Src/main.o"
arm-none-eabi-gcc -o "11-3_SDcard_SPI_FATFS_F429ZI.elf" @"objects.list"   -mcpu=cortex-m4 -T"D:\Github\STM32\11-3_SDcard_SPI_FATFS_F429ZI\STM32F429ZITX_FLASH.ld" --specs=nosys.specs -Wl,-Map="11-3_SDcard_SPI_FATFS_F429ZI.map" -Wl,--gc-sections -static --specs=nano.specs -mfpu=fpv4-sp-d16 -mfloat-abi=hard -mthumb -Wl,--start-group -lc -lm -Wl,--end-group
Finished building target: 11-3_SDcard_SPI_FATFS_F429ZI.elf
 
arm-none-eabi-size   11-3_SDcard_SPI_FATFS_F429ZI.elf 
arm-none-eabi-objdump -h -S  11-3_SDcard_SPI_FATFS_F429ZI.elf  > "11-3_SDcard_SPI_FATFS_F429ZI.list"
arm-none-eabi-objcopy  -O binary  11-3_SDcard_SPI_FATFS_F429ZI.elf  "11-3_SDcard_SPI_FATFS_F429ZI.bin"
   text	   data	    bss	    dec	    hex	filename
  42516	    144	  19176	  61836	   f18c	11-3_SDcard_SPI_FATFS_F429ZI.elf
Finished building: default.size.stdout
 
Finished building: 11-3_SDcard_SPI_FATFS_F429ZI.bin
 
Finished building: 11-3_SDcard_SPI_FATFS_F429ZI.list
 
21:13:11 **** Incremental Build of configuration Debug for project 11-3_SDcard_SPI_FATFS_F429ZI ****
make -j12 all 
arm-none-eabi-size   11-3_SDcard_SPI_FATFS_F429ZI.elf 
   text	   data	    bss	    dec	    hex	filename
  42516	    144	  19176	  61836	   f18c	11-3_SDcard_SPI_FATFS_F429ZI.elf
Finished building: default.size.stdout
 
21:13:37 **** Incremental Build of configuration Debug for project 11-3_SDcard_SPI_FATFS_F429ZI ****
make -j12 all 
arm-none-eabi-size   11-3_SDcard_SPI_FATFS_F429ZI.elf 
   text	   data	    bss	    dec	    hex	filename
  42516	    144	  19176	  61836	   f18c	11-3_SDcard_SPI_FATFS_F429ZI.elf
Finished building: default.size.stdout
 
21:25:35 **** Incremental Build of configuration Debug for project 11-3_SDcard_SPI_FATFS_F429ZI ****
make -j12 all 
arm-none-eabi-gcc "../Core/Src/main.c" -mcpu=cortex-m4 -std=gnu11 -g3 -DDEBUG -DUSE_HAL_DRIVER -DSTM32F429xx -c -I../Core/Inc -I../Drivers/STM32F4xx_HAL_Driver/Inc -I../Drivers/STM32F4xx_HAL_Driver/Inc/Legacy -I../Drivers/CMSIS/Device/ST/STM32F4xx/Include -I../Drivers/CMSIS/Include -I../FATFS/Target -I../FATFS/App -I../Middlewares/Third_Party/FatFs/src -O0 -ffunction-sections -fdata-sections -Wall -fstack-usage -MMD -MP -MF"Core/Src/main.d" -MT"Core/Src/main.o" --specs=nano.specs -mfpu=fpv4-sp-d16 -mfloat-abi=hard -mthumb -o "Core/Src/main.o"
arm-none-eabi-gcc -o "11-3_SDcard_SPI_FATFS_F429ZI.elf" @"objects.list"   -mcpu=cortex-m4 -T"D:\Github\STM32\11-3_SDcard_SPI_FATFS_F429ZI\STM32F429ZITX_FLASH.ld" --specs=nosys.specs -Wl,-Map="11-3_SDcard_SPI_FATFS_F429ZI.map" -Wl,--gc-sections -static --specs=nano.specs -mfpu=fpv4-sp-d16 -mfloat-abi=hard -mthumb -Wl,--start-group -lc -lm -Wl,--end-group
Finished building target: 11-3_SDcard_SPI_FATFS_F429ZI.elf
 
arm-none-eabi-size   11-3_SDcard_SPI_FATFS_F429ZI.elf 
arm-none-eabi-objdump -h -S  11-3_SDcard_SPI_FATFS_F429ZI.elf  > "11-3_SDcard_SPI_FATFS_F429ZI.list"
arm-none-eabi-objcopy  -O binary  11-3_SDcard_SPI_FATFS_F429ZI.elf  "11-3_SDcard_SPI_FATFS_F429ZI.bin"
   text	   data	    bss	    dec	    hex	filename
  42520	    144	  19176	  61840	   f190	11-3_SDcard_SPI_FATFS_F429ZI.elf
Finished building: default.size.stdout
 
Finished building: 11-3_SDcard_SPI_FATFS_F429ZI.bin
 
Finished building: 11-3_SDcard_SPI_FATFS_F429ZI.list
 
21:30:50 **** Incremental Build of configuration Debug for project 11-3_SDcard_SPI_FATFS_F429ZI ****
make -j12 all 
arm-none-eabi-gcc "../Core/Src/main.c" -mcpu=cortex-m4 -std=gnu11 -g3 -DDEBUG -DUSE_HAL_DRIVER -DSTM32F429xx -c -I../Core/Inc -I../Drivers/STM32F4xx_HAL_Driver/Inc -I../Drivers/STM32F4xx_HAL_Driver/Inc/Legacy -I../Drivers/CMSIS/Device/ST/STM32F4xx/Include -I../Drivers/CMSIS/Include -I../FATFS/Target -I../FATFS/App -I../Middlewares/Third_Party/FatFs/src -O0 -ffunction-sections -fdata-sections -Wall -fstack-usage -MMD -MP -MF"Core/Src/main.d" -MT"Core/Src/main.o" --specs=nano.specs -mfpu=fpv4-sp-d16 -mfloat-abi=hard -mthumb -o "Core/Src/main.o"
arm-none-eabi-gcc -o "11-3_SDcard_SPI_FATFS_F429ZI.elf" @"objects.list"   -mcpu=cortex-m4 -T"D:\Github\STM32\11-3_SDcard_SPI_FATFS_F429ZI\STM32F429ZITX_FLASH.ld" --specs=nosys.specs -Wl,-Map="11-3_SDcard_SPI_FATFS_F429ZI.map" -Wl,--gc-sections -static --specs=nano.specs -mfpu=fpv4-sp-d16 -mfloat-abi=hard -mthumb -Wl,--start-group -lc -lm -Wl,--end-group
Finished building target: 11-3_SDcard_SPI_FATFS_F429ZI.elf
 
arm-none-eabi-size   11-3_SDcard_SPI_FATFS_F429ZI.elf 
arm-none-eabi-objdump -h -S  11-3_SDcard_SPI_FATFS_F429ZI.elf  > "11-3_SDcard_SPI_FATFS_F429ZI.list"
arm-none-eabi-objcopy  -O binary  11-3_SDcard_SPI_FATFS_F429ZI.elf  "11-3_SDcard_SPI_FATFS_F429ZI.bin"
   text	   data	    bss	    dec	    hex	filename
  42512	    144	  19176	  61832	   f188	11-3_SDcard_SPI_FATFS_F429ZI.elf
Finished building: default.size.stdout
 
Finished building: 11-3_SDcard_SPI_FATFS_F429ZI.bin
 
Finished building: 11-3_SDcard_SPI_FATFS_F429ZI.list
 
