16:56:54 **** Incremental Build of configuration Debug for project 10-1_SPI_F429ZIT6U ****
make -j12 all 
arm-none-eabi-size   10-1_SPI_F429ZIT6U.elf 
   text	   data	    bss	    dec	    hex	filename
  24456	     20	   2516	  26992	   6970	10-1_SPI_F429ZIT6U.elf
Finished building: default.size.stdout
 
16:59:08 **** Incremental Build of configuration Debug for project 10-1_SPI_F429ZIT6U ****
make -j12 all 
arm-none-eabi-gcc "../Core/Src/main.c" -mcpu=cortex-m4 -std=gnu11 -g3 -DDEBUG -DUSE_HAL_DRIVER -DSTM32F429xx -c -I../Core/Inc -I../Drivers/STM32F4xx_HAL_Driver/Inc -I../Drivers/STM32F4xx_HAL_Driver/Inc/Legacy -I../Drivers/CMSIS/Device/ST/STM32F4xx/Include -I../Drivers/CMSIS/Include -O0 -ffunction-sections -fdata-sections -Wall -fstack-usage -MMD -MP -MF"Core/Src/main.d" -MT"Core/Src/main.o" --specs=nano.specs -mfpu=fpv4-sp-d16 -mfloat-abi=hard -mthumb -o "Core/Src/main.o"
arm-none-eabi-gcc -o "10-1_SPI_F429ZIT6U.elf" @"objects.list"   -mcpu=cortex-m4 -T"D:\Github\STM32\10-1_SPI_F429ZIT6U\STM32F429ZITX_FLASH.ld" --specs=nosys.specs -Wl,-Map="10-1_SPI_F429ZIT6U.map" -Wl,--gc-sections -static --specs=nano.specs -mfpu=fpv4-sp-d16 -mfloat-abi=hard -mthumb -Wl,--start-group -lc -lm -Wl,--end-group
Finished building target: 10-1_SPI_F429ZIT6U.elf
 
arm-none-eabi-size   10-1_SPI_F429ZIT6U.elf 
arm-none-eabi-objdump -h -S  10-1_SPI_F429ZIT6U.elf  > "10-1_SPI_F429ZIT6U.list"
arm-none-eabi-objcopy  -O binary  10-1_SPI_F429ZIT6U.elf  "10-1_SPI_F429ZIT6U.bin"
   text	   data	    bss	    dec	    hex	filename
  24580	     20	   2532	  27132	   69fc	10-1_SPI_F429ZIT6U.elf
Finished building: default.size.stdout
 
Finished building: 10-1_SPI_F429ZIT6U.bin
 
Finished building: 10-1_SPI_F429ZIT6U.list
 
