21:26:33 **** Incremental Build of configuration Debug for project 3-1_CharacterLCD_F429ZIT6U ****
make -j12 all 
arm-none-eabi-size   3-1_CharacterLCD_F429ZIT6U.elf 
   text	   data	    bss	    dec	    hex	filename
  37360	    488	   1760	  39608	   9ab8	3-1_CharacterLCD_F429ZIT6U.elf
Finished building: default.size.stdout
 
21:26:39 **** Incremental Build of configuration Debug for project 3-1_CharacterLCD_F429ZIT6U ****
make -j12 all 
arm-none-eabi-size   3-1_CharacterLCD_F429ZIT6U.elf 
   text	   data	    bss	    dec	    hex	filename
  37360	    488	   1760	  39608	   9ab8	3-1_CharacterLCD_F429ZIT6U.elf
Finished building: default.size.stdout
 
